Component: ARM Compiler 5.06 update 2 (build 183) Tool: armlink [4d35b7]

==============================================================================

Section Cross References

    startup.o(RESET) refers to startup.o(STACK) for __initial_sp
    startup.o(RESET) refers to startup.o(.text) for Reset_Handler
    startup.o(RESET) refers to gpio.o(i.GPIO_IRQHandler) for GPIO_IRQHandler
    startup.o(RESET) refers to lib.o(i.BLE_IRQHandler) for BLE_IRQHandler
    startup.o(RESET) refers to sleep.o(i.OSC_EN_IRQHandler) for OSC_EN_IRQHandler
    startup.o(RESET) refers to uart.o(i.UART0_TX_IRQHandler) for UART0_TX_IRQHandler
    startup.o(RESET) refers to uart.o(i.UART0_RX_IRQHandler) for UART0_RX_IRQHandler
    startup.o(RESET) refers to timer.o(i.TIMER0_IRQHandler) for TIMER0_IRQHandler
    startup.o(RESET) refers to timer.o(i.TIMER1_IRQHandler) for TIMER1_IRQHandler
    startup.o(RESET) refers to timer.o(i.TIMER2_IRQHandler) for TIMER2_IRQHandler
    startup.o(RESET) refers to timer.o(i.TIMER3_IRQHandler) for TIMER3_IRQHandler
    startup.o(RESET) refers to wdt.o(i.WDT_IRQHandler) for WDT_IRQHandler
    startup.o(.text) refers to entry.o(.ARM.Collect$$$$00000000) for __main
    app_main.o(i.assert_err) refers to printf8.o(i.__0printf$8) for __2printf
    app_main.o(i.assert_warn) refers to printf8.o(i.__0printf$8) for __2printf
    app_main.o(i.main) refers to math.o(REG_ACCESS_SECTION) for __wr_reg_with_msk
    app_main.o(i.main) refers to lib.o(i.dc_dc_enable) for dc_dc_enable
    app_main.o(i.main) refers to lib.o(i.plf_init) for plf_init
    app_main.o(i.main) refers to system.o(i.SystemInit) for SystemInit
    app_main.o(i.main) refers to app_util.o(i.ble_new_feature) for ble_new_feature
    app_main.o(i.main) refers to lib.o(i.ble_init) for ble_init
    app_main.o(i.main) refers to app_env.o(i.app_init) for app_init
    app_main.o(i.main) refers to usr_design.o(i.usr_init) for usr_init
    app_main.o(i.main) refers to sleep.o(i.sleep_init) for sleep_init
    app_main.o(i.main) refers to sleep.o(i.wakeup_by_sleep_timer) for wakeup_by_sleep_timer
    app_main.o(i.main) refers to lib.o(i.ke_schedule) for ke_schedule
    app_main.o(i.main) refers to sleep.o(i.usr_sleep) for usr_sleep
    app_main.o(i.main) refers to lib.o(i.ble_sleep) for ble_sleep
    app_main.o(i.main) refers to led.o(i.led_set) for led_set
    app_main.o(i.main) refers to sleep.o(i.enter_sleep) for enter_sleep
    app_main.o(i.main) refers to prf_utils.o(i.prf_init) for prf_init
    app_main.o(i.main) refers to prf_utils.o(i.prf_dispatch_disconnect) for prf_dispatch_disconnect
    app_main.o(i.main) refers to app_main.o(.bss) for .bss
    app_main.o(i.main) refers to sleep.o(i.sleep_cb) for sleep_cb
    system.o(i.SystemInit) refers to math.o(REG_ACCESS_SECTION) for __wr_reg
    system.o(i.SystemInit) refers to syscon.o(i.syscon_set_sysclk_src) for syscon_set_sysclk_src
    system.o(i.SystemInit) refers to syscon.o(i.syscon_set_ahb_clk) for syscon_set_ahb_clk
    system.o(i.SystemInit) refers to syscon.o(i.syscon_set_ble_clk) for syscon_set_ble_clk
    system.o(i.SystemInit) refers to syscon.o(i.syscon_set_apb_clk) for syscon_set_apb_clk
    system.o(i.SystemInit) refers to syscon.o(i.syscon_set_timer_clk) for syscon_set_timer_clk
    system.o(i.SystemInit) refers to syscon.o(i.syscon_set_usart_clk) for syscon_set_usart_clk
    system.o(i.SystemInit) refers to gpio.o(i.gpio_init) for gpio_init
    system.o(i.SystemInit) refers to led.o(i.led_init) for led_init
    system.o(i.SystemInit) refers to button.o(i.button_init) for button_init
    system.o(i.SystemInit) refers to uart.o(i.uart_init) for uart_init
    system.o(i.SystemInit) refers to usr_design.o(i.gpio_interrupt_callback) for gpio_interrupt_callback
    usr_design.o(i.app_button_timer_handler) refers to gpio.o(i.gpio_read_pin) for gpio_read_pin
    usr_design.o(i.app_button_timer_handler) refers to app_main.o(i.assert_err) for assert_err
    usr_design.o(i.app_button_timer_handler) refers to app_gap.o(i.app_gap_adv_stop_req) for app_gap_adv_stop_req
    usr_design.o(i.app_button_timer_handler) refers to sleep.o(.data) for sleep_env
    usr_design.o(i.app_button_timer_handler) refers to app_qpps_task.o(.data) for app_qpps_env
    usr_design.o(i.app_event_button1_press_handler) refers to sleep.o(i.wakeup_32k_xtal_start_timer) for wakeup_32k_xtal_start_timer
    usr_design.o(i.app_event_button1_press_handler) refers to sleep.o(.data) for sleep_env
    usr_design.o(i.app_gap_adv_intv_update_timer_handler) refers to usr_design.o(i.usr_led1_set) for usr_led1_set
    usr_design.o(i.app_gap_adv_intv_update_timer_handler) refers to app_util.o(i.app_get_local_service_flag) for app_get_local_service_flag
    usr_design.o(i.app_gap_adv_intv_update_timer_handler) refers to app_util.o(i.app_set_scan_rsp_data) for app_set_scan_rsp_data
    usr_design.o(i.app_gap_adv_intv_update_timer_handler) refers to app_util.o(i.app_set_adv_data) for app_set_adv_data
[...]
    i.gpio_sleep_allowed                     0x1000322c   Section        0  gpio.o(i.gpio_sleep_allowed)
    i.gpio_wakeup_config                     0x10003250   Section        0  gpio.o(i.gpio_wakeup_config)
    i.gpio_write_pin                         0x100032b0   Section        0  gpio.o(i.gpio_write_pin)
    i.is_flash_busy                          0x100032d0   Section        0  serialflash.o(i.is_flash_busy)
    is_flash_busy                            0x100032d1   Thumb Code    36  serialflash.o(i.is_flash_busy)
    i.is_flash_off                           0x100032fc   Section        0  lib.o(i.is_flash_off)
    is_flash_off                             0x100032fd   Thumb Code    20  lib.o(i.is_flash_off)
    i.is_flash_present                       0x10003314   Section        0  serialflash.o(i.is_flash_present)
    i.ke_schedule                            0x10003334   Section        0  lib.o(i.ke_schedule)
    i.ke_time                                0x10003380   Section        0  lib.o(i.ke_time)
    i.ke_timer_empty                         0x10003390   Section        0  lib.o(i.ke_timer_empty)
    i.l2cc_data_packet_ind_handler_patch     0x100033a8   Section        0  lib.o(i.l2cc_data_packet_ind_handler_patch)
    l2cc_data_packet_ind_handler_patch       0x100033a9   Thumb Code    78  lib.o(i.l2cc_data_packet_ind_handler_patch)
    i.l2cc_data_send_rsp_att_handler_patch   0x10003404   Section        0  lib.o(i.l2cc_data_send_rsp_att_handler_patch)
    i.l2cc_data_send_rsp_handler_patch       0x10003438   Section        0  lib.o(i.l2cc_data_send_rsp_handler_patch)
    l2cc_data_send_rsp_handler_patch         0x10003439   Thumb Code    96  lib.o(i.l2cc_data_send_rsp_handler_patch)
    i.led_get                                0x100034b0   Section        0  led.o(i.led_get)
    i.led_init                               0x100034de   Section        0  led.o(i.led_init)
    i.led_set                                0x10003516   Section        0  led.o(i.led_set)
    i.llc_data_packet_ind_handler_patch      0x10003540   Section        0  lib.o(i.llc_data_packet_ind_handler_patch)
    llc_data_packet_ind_handler_patch        0x10003541   Thumb Code   226  lib.o(i.llc_data_packet_ind_handler_patch)
    i.llc_data_req_handler_patch             0x1000363c   Section        0  lib.o(i.llc_data_req_handler_patch)
    llc_data_req_handler_patch               0x1000363d   Thumb Code   134  lib.o(i.llc_data_req_handler_patch)
    i.llc_lld_stop_ind_handler_patch         0x100036d8   Section        0  lib.o(i.llc_lld_stop_ind_handler_patch)
    llc_lld_stop_ind_handler_patch           0x100036d9   Thumb Code    36  lib.o(i.llc_lld_stop_ind_handler_patch)
    i.lld_sleep_init_patch                   0x10003704   Section        0  lib.o(i.lld_sleep_init_patch)
    lld_sleep_init_patch                     0x10003705   Thumb Code    30  lib.o(i.lld_sleep_init_patch)
    i.lld_sleep_lpcycles_2_us                0x10003730   Section        0  lib.o(i.lld_sleep_lpcycles_2_us)
    lld_sleep_lpcycles_2_us                  0x10003731   Thumb Code    50  lib.o(i.lld_sleep_lpcycles_2_us)
    i.llm_lld_data_ind_handler_patch         0x1000376c   Section        0  lib.o(i.llm_lld_data_ind_handler_patch)
    llm_lld_data_ind_handler_patch           0x1000376d   Thumb Code   138  lib.o(i.llm_lld_data_ind_handler_patch)
    i.main                                   0x10003808   Section        0  app_main.o(i.main)
    i.nvds_copy                              0x1000395c   Section        0  lib.o(i.nvds_copy)
    nvds_copy                                0x1000395d   Thumb Code    58  lib.o(i.nvds_copy)
    i.nvds_erase                             0x1000399c   Section        0  lib.o(i.nvds_erase)
    nvds_erase                               0x1000399d   Thumb Code    40  lib.o(i.nvds_erase)
    i.nvds_read                              0x100039c8   Section        0  lib.o(i.nvds_read)
    nvds_read                                0x100039c9   Thumb Code   138  lib.o(i.nvds_read)
    i.nvds_restore_backup                    0x10003a5c   Section        0  lib.o(i.nvds_restore_backup)
    nvds_restore_backup                      0x10003a5d   Thumb Code    98  lib.o(i.nvds_restore_backup)
    i.nvds_write                             0x10003acc   Section        0  lib.o(i.nvds_write)
    nvds_write                               0x10003acd   Thumb Code    78  lib.o(i.nvds_write)
    i.plf_init                               0x10003b1c   Section        0  lib.o(i.plf_init)
    i.plf_reset_cb                           0x10003e8c   Section        0  lib.o(i.plf_reset_cb)
    plf_reset_cb                             0x10003e8d   Thumb Code    10  lib.o(i.plf_reset_cb)
    i.power_off_flash                        0x10003e98   Section        0  serialflash.o(i.power_off_flash)
    i.power_on_flash                         0x10003ec0   Section        0  serialflash.o(i.power_on_flash)
    i.powerup_calibration                    0x10003f00   Section        0  lib.o(i.powerup_calibration)
    powerup_calibration                      0x10003f01   Thumb Code   330  lib.o(i.powerup_calibration)
    i.prf_dispatch_disconnect                0x10004084   Section        0  prf_utils.o(i.prf_dispatch_disconnect)
    i.prf_init                               0x100040ac   Section        0  prf_utils.o(i.prf_init)
    i.qn_feature_config                      0x100040c0   Section        0  lib.o(i.qn_feature_config)
    i.qpps_create_db_req_handler             0x100040d4   Section        0  qpps_task.o(i.qpps_create_db_req_handler)
    qpps_create_db_req_handler               0x100040d5   Thumb Code   340  qpps_task.o(i.qpps_create_db_req_handler)
    i.qpps_data_send_req_handler             0x1000424c   Section        0  qpps_task.o(i.qpps_data_send_req_handler)
    qpps_data_send_req_handler               0x1000424d   Thumb Code   120  qpps_task.o(i.qpps_data_send_req_handler)
    i.qpps_disable                           0x100042dc   Section        0  qpps.o(i.qpps_disable)
    i.qpps_enable_req_handler                0x10004324   Section        0  qpps_task.o(i.qpps_enable_req_handler)
    qpps_enable_req_handler                  0x10004325   Thumb Code   130  qpps_task.o(i.qpps_enable_req_handler)
    i.qpps_error_ind_send                    0x100043b8   Section        0  qpps.o(i.qpps_error_ind_send)
    i.qpps_init                              0x100043e4   Section        0  qpps.o(i.qpps_init)
    i.qpps_set_service_uuid                  0x10004408   Section        0  qpps.o(i.qpps_set_service_uuid)
    i.read_flash_id                          0x1000441c   Section        0  serialflash.o(i.read_flash_id)
    i.restore_ble_dev_mode_flag              0x1000442c   Section        0  lib.o(i.restore_ble_dev_mode_flag)
    i.restore_ble_setting                    0x10004464   Section        0  lib.o(i.restore_ble_setting)
    i.rwble_slot_2_lpcycles                  0x100044b4   Section        0  lib.o(i.rwble_slot_2_lpcycles)
    rwble_slot_2_lpcycles                    0x100044b5   Thumb Code    32  lib.o(i.rwble_slot_2_lpcycles)
    i.sector_erase_flash_patch               0x100044d8   Section        0  lib.o(i.sector_erase_flash_patch)
    sector_erase_flash_patch                 0x100044d9   Thumb Code    40  lib.o(i.sector_erase_flash_patch)
    i.set_dbg_info                           0x10004508   Section        0  lib.o(i.set_dbg_info)
    i.sleep_cb                               0x10004518   Section        0  sleep.o(i.sleep_cb)
    i.sleep_init                             0x10004530   Section        0  sleep.o(i.sleep_init)
    i.sleep_post_process                     0x10004564   Section        0  lib.o(i.sleep_post_process)
    i.smp_rtx_ind_handler_patch              0x100045d0   Section        0  lib.o(i.smp_rtx_ind_handler_patch)
    smp_rtx_ind_handler_patch                0x100045d1   Thumb Code    70  lib.o(i.smp_rtx_ind_handler_patch)
    i.smpc_l2cc_data_packet_ind_handler_patch 0x10004628   Section        0  lib.o(i.smpc_l2cc_data_packet_ind_handler_patch)
    smpc_l2cc_data_packet_ind_handler_patch  0x10004629   Thumb Code    96  lib.o(i.smpc_l2cc_data_packet_ind_handler_patch)
    i.store_ble_dev_mode_flag                0x10004694   Section        0  lib.o(i.store_ble_dev_mode_flag)
    i.syscon_GetBLESR                        0x100046a0   Section        0  sleep.o(i.syscon_GetBLESR)
    syscon_GetBLESR                          0x100046a1   Thumb Code    10  sleep.o(i.syscon_GetBLESR)
    i.syscon_GetBLESR                        0x100046aa   Section        0  lib.o(i.syscon_GetBLESR)
    syscon_GetBLESR                          0x100046ab   Thumb Code    10  lib.o(i.syscon_GetBLESR)
    i.syscon_SetCMDCRWithMask                0x100046b4   Section        0  sleep.o(i.syscon_SetCMDCRWithMask)
    syscon_SetCMDCRWithMask                  0x100046b5   Thumb Code    10  sleep.o(i.syscon_SetCMDCRWithMask)
    i.syscon_SetCMDCRWithMask                0x100046be   Section        0  syscon.o(i.syscon_SetCMDCRWithMask)
    syscon_SetCMDCRWithMask                  0x100046bf   Thumb Code    10  syscon.o(i.syscon_SetCMDCRWithMask)
    i.syscon_SetIvrefX32WithMask             0x100046c8   Section        0  sleep.o(i.syscon_SetIvrefX32WithMask)
    syscon_SetIvrefX32WithMask               0x100046c9   Thumb Code    10  sleep.o(i.syscon_SetIvrefX32WithMask)
    i.syscon_SetIvrefX32WithMask             0x100046d2   Section        0  lib.o(i.syscon_SetIvrefX32WithMask)
    syscon_SetIvrefX32WithMask               0x100046d3   Thumb Code    10  lib.o(i.syscon_SetIvrefX32WithMask)
    i.syscon_SetPGCR0WithMask                0x100046dc   Section        0  sleep.o(i.syscon_SetPGCR0WithMask)
    syscon_SetPGCR0WithMask                  0x100046dd   Thumb Code    10  sleep.o(i.syscon_SetPGCR0WithMask)
    i.syscon_SetPGCR1WithMask                0x100046e6   Section        0  lib.o(i.syscon_SetPGCR1WithMask)
    syscon_SetPGCR1WithMask                  0x100046e7   Thumb Code    10  lib.o(i.syscon_SetPGCR1WithMask)
    i.syscon_SetPGCR2WithMask                0x100046f0   Section        0  sleep.o(i.syscon_SetPGCR2WithMask)
    syscon_SetPGCR2WithMask                  0x100046f1   Thumb Code    10  sleep.o(i.syscon_SetPGCR2WithMask)
    i.syscon_set_ahb_clk                     0x100046fc   Section        0  syscon.o(i.syscon_set_ahb_clk)
    i.syscon_set_apb_clk                     0x10004734   Section        0  syscon.o(i.syscon_set_apb_clk)
    i.syscon_set_ble_clk                     0x10004768   Section        0  syscon.o(i.syscon_set_ble_clk)
    i.syscon_set_sysclk_src                  0x100047a8   Section        0  syscon.o(i.syscon_set_sysclk_src)
    i.syscon_set_timer_clk                   0x10004864   Section        0  syscon.o(i.syscon_set_timer_clk)
    i.syscon_set_usart_clk                   0x10004890   Section        0  syscon.o(i.syscon_set_usart_clk)
    i.task_app_desc_register                 0x10004900   Section        0  app_task.o(i.task_app_desc_register)
    i.task_atts_desc_register                0x10004938   Section        0  lib.o(i.task_atts_desc_register)
    task_atts_desc_register                  0x10004939   Thumb Code   110  lib.o(i.task_atts_desc_register)
    i.task_gatt_desc_register                0x100049c0   Section        0  lib.o(i.task_gatt_desc_register)
    task_gatt_desc_register                  0x100049c1   Thumb Code   116  lib.o(i.task_gatt_desc_register)
    i.task_llc_desc_register                 0x10004a80   Section        0  lib.o(i.task_llc_desc_register)
    task_llc_desc_register                   0x10004a81   Thumb Code    84  lib.o(i.task_llc_desc_register)
    i.task_qpps_desc_register                0x10004af0   Section        0  qpps_task.o(i.task_qpps_desc_register)
    i.timer_timer_ClrIntFlag                 0x10004b28   Section        0  timer.o(i.timer_timer_ClrIntFlag)
    timer_timer_ClrIntFlag                   0x10004b29   Thumb Code    10  timer.o(i.timer_timer_ClrIntFlag)
    i.timer_timer_GetIntFlag                 0x10004b32   Section        0  timer.o(i.timer_timer_GetIntFlag)
    timer_timer_GetIntFlag                   0x10004b33   Thumb Code    10  timer.o(i.timer_timer_GetIntFlag)
    i.uart_check_tx_free                     0x10004b3c   Section        0  uart.o(i.uart_check_tx_free)
    i.uart_init                              0x10004b78   Section        0  uart.o(i.uart_init)
    i.uart_rx_int_enable                     0x10004c10   Section        0  uart.o(i.uart_rx_int_enable)
    uart_rx_int_enable                       0x10004c11   Thumb Code    18  uart.o(i.uart_rx_int_enable)
    i.uart_tx_int_enable                     0x10004c24   Section        0  uart.o(i.uart_tx_int_enable)
    uart_tx_int_enable                       0x10004c25   Thumb Code    46  uart.o(i.uart_tx_int_enable)
    i.uart_uart_ClrIntFlag                   0x10004c5c   Section        0  uart.o(i.uart_uart_ClrIntFlag)
    uart_uart_ClrIntFlag                     0x10004c5d   Thumb Code    10  uart.o(i.uart_uart_ClrIntFlag)
    i.uart_uart_GetIntFlag                   0x10004c66   Section        0  uart.o(i.uart_uart_GetIntFlag)
    uart_uart_GetIntFlag                     0x10004c67   Thumb Code    10  uart.o(i.uart_uart_GetIntFlag)
    i.uart_uart_SetTXD                       0x10004c70   Section        0  uart.o(i.uart_uart_SetTXD)
    uart_uart_SetTXD                         0x10004c71   Thumb Code     8  uart.o(i.uart_uart_SetTXD)
    i.usr_beacon_chg_ctx_process             0x10004c78   Section        0  usr_design.o(i.usr_beacon_chg_ctx_process)
    usr_beacon_chg_ctx_process               0x10004c79   Thumb Code   170  usr_design.o(i.usr_beacon_chg_ctx_process)
    i.usr_button1_cb                         0x10004d40   Section        0  usr_design.o(i.usr_button1_cb)
    i.usr_init                               0x10004d70   Section        0  usr_design.o(i.usr_init)
    i.usr_led1_set                           0x10004dc8   Section        0  usr_design.o(i.usr_led1_set)
    usr_led1_set                             0x10004dc9   Thumb Code    72  usr_design.o(i.usr_led1_set)
    i.usr_sleep                              0x10004e1c   Section        0  sleep.o(i.usr_sleep)
    i.usr_sleep_restore                      0x10004ea4   Section        0  usr_design.o(i.usr_sleep_restore)
    i.wakeup_32k_xtal_start_timer            0x10004ed8   Section        0  sleep.o(i.wakeup_32k_xtal_start_timer)
    i.wakeup_32k_xtal_switch_clk             0x10004eec   Section        0  sleep.o(i.wakeup_32k_xtal_switch_clk)
    i.wakeup_by_sleep_timer                  0x10004f40   Section        0  sleep.o(i.wakeup_by_sleep_timer)
    i.wdt_irq_clear                          0x10004fa8   Section        0  wdt.o(i.wdt_irq_clear)
    i.wdt_wdt_SetLKR                         0x10004fd0   Section        0  wdt.o(i.wdt_wdt_SetLKR)
    wdt_wdt_SetLKR                           0x10004fd1   Thumb Code    14  wdt.o(i.wdt_wdt_SetLKR)
    .constdata                               0x10004fe0   Section      304  app_task.o(.constdata)
    .constdata                               0x10005110   Section       48  app_task.o(.constdata)
    .constdata                               0x10005140   Section      140  qpps.o(.constdata)
    .constdata                               0x100051cc   Section       19  qpps.o(.constdata)
    .constdata                               0x100051df   Section       19  qpps.o(.constdata)
    .constdata                               0x100051f4   Section        8  qpps_task.o(.constdata)
    .constdata                               0x100051fc   Section        8  qpps_task.o(.constdata)
    .constdata                               0x10005204   Section       24  qpps_task.o(.constdata)
    .constdata                               0x1000521c   Section        8  qpps_task.o(.constdata)
    .constdata                               0x10005224   Section       51  qpps_task.o(.constdata)
    .constdata                               0x10005257   Section       51  uart.o(.constdata)
    .constdata                               0x1000528c   Section       16  lib.o(.constdata)
    .constdata                               0x1000529c   Section      129  ctype_o.o(.constdata)
    .constdata                               0x10005320   Section        4  ctype_o.o(.constdata)
    table                                    0x10005320   Data           4  ctype_o.o(.constdata)
    .conststring                             0x10005324   Section      214  app_gap_task.o(.conststring)
    .conststring                             0x100053fc   Section      173  app_smp_task.o(.conststring)
    .conststring                             0x100054ac   Section       33  qpps.o(.conststring)
    .conststring                             0x100054d0   Section      117  qpps_task.o(.conststring)
    .conststrlit                             0x10005548   Section       21  qpps.o(.conststrlit)
    .data                                    0x10005590   Section      132  usr_design.o(.data)
    beacon_ctx_idx                           0x10005590   Data           1  usr_design.o(.data)
    .data                                    0x10005614   Section        8  app_util.o(.data)
    atts_default_handler_new                 0x10005614   Data           8  app_util.o(.data)
    .data                                    0x1000561c   Section        2  app_task.o(.data)
    .data                                    0x10005620   Section       24  app_qpps_task.o(.data)
    val                                      0x10005624   Data          20  app_qpps_task.o(.data)
    .data                                    0x10005638   Section       16  qpps.o(.data)
    .data                                    0x10005648   Section       32  qpps_task.o(.data)
    .data                                    0x10005668   Section        4  gpio.o(.data)
    gpio_env                                 0x10005668   Data           4  gpio.o(.data)
    .data                                    0x1000566c   Section       32  sleep.o(.data)
    .data                                    0x1000568c   Section       12  syscon.o(.data)
    .data                                    0x10005698   Section        4  wdt.o(.data)
    .data                                    0x1000569c   Section       32  timer.o(.data)
    .data                                    0x100056bc   Section        8  serialflash.o(.data)
    .data                                    0x100056c4   Section        4  retarget.o(.data)
    .data                                    0x100056c8   Section      260  lib.o(.data)
    dc_dc_flag                               0x100056c8   Data           1  lib.o(.data)
    ext_ctrl                                 0x100056c9   Data           1  lib.o(.data)
    acc                                      0x100056ca   Data           1  lib.o(.data)
    code                                     0x100056cb   Data           1  lib.o(.data)
    total_len                                0x100056cc   Data           2  lib.o(.data)
    current_rcv_len                          0x100056ce   Data           2  lib.o(.data)
    cid                                      0x100056d0   Data           2  lib.o(.data)
    handle                                   0x100056d2   Data           2  lib.o(.data)
    app_flags                                0x100056e0   Data           4  lib.o(.data)
    ntf_pkt_info                             0x100056e4   Data           8  lib.o(.data)
    l2cm_default_handler_new                 0x100056ec   Data           8  lib.o(.data)
    l2cc_default_handler_new                 0x100056f4   Data           8  lib.o(.data)
    gatt_default_handler_new                 0x100056fc   Data           8  lib.o(.data)
    smpc_default_handler_new                 0x10005704   Data           8  lib.o(.data)
    llm_default_handler_new                  0x1000570c   Data           8  lib.o(.data)
    llc_default_handler_new                  0x10005714   Data           8  lib.o(.data)
    .data                                    0x100057cc   Section        4  rand.o(.data)
    _rand_state                              0x100057cc   Data           4  rand.o(.data)
    .data                                    0x100057d0   Section        4  errno.o(.data)
    _errno                                   0x100057d0   Data           4  errno.o(.data)
    .bss                                     0x100057d4   Section     2460  app_main.o(.bss)
    ble_heap                                 0x100057d4   Data        2460  app_main.o(.bss)
    .bss                                     0x10006170   Section      128  app_util.o(.bss)
    atts_default_state_new                   0x10006170   Data         128  app_util.o(.bss)
    .bss                                     0x100061f0   Section      252  app_env.o(.bss)
    .bss                                     0x100062ec   Section       16  qpps.o(.bss)
    .bss                                     0x100062fc   Section       48  uart.o(.bss)
    uart0_env                                0x100062fc   Data          24  uart.o(.bss)
    uart1_env                                0x10006314   Data          24  uart.o(.bss)
    .bss                                     0x1000632c   Section     1620  lib.o(.bss)
    l2cm_default_state_new                   0x1000632c   Data          72  lib.o(.bss)
    l2cc_default_state_new                   0x10006374   Data          32  lib.o(.bss)
    gatt_idle_new                            0x10006394   Data         256  lib.o(.bss)
    gatt_default_state_new                   0x10006494   Data         288  lib.o(.bss)
    gatt_state_handler_new                   0x100065b4   Data          16  lib.o(.bss)
    atts_resource_init_state_new             0x100065c4   Data          32  lib.o(.bss)
    atts_state_handler_new                   0x100065e4   Data          24  lib.o(.bss)
    smpc_default_state_new                   0x100065fc   Data         200  lib.o(.bss)
    llm_default_state_new                    0x100066c4   Data         304  lib.o(.bss)
    llc_default_state_new                    0x100067f4   Data         296  lib.o(.bss)
    atts_patch_env                           0x1000691c   Data          36  lib.o(.bss)
    new_feature_ctrl                         0x10006940   Data          48  lib.o(.bss)
    llc_stopping_new                         0x10006970   Data          16  lib.o(.bss)
    STACK                                    0x10006980   Section      512  startup.o(STACK)

    Global Symbols

    Symbol Name                              Value     Ov Type        Size  Object(Section)

    BuildAttributes$$THM_ISAv3M$S$PE$A:L22$X:L11$S22$IEEE1$IW$USESV6$~STKCKD$USESV7$~SHL$OSPACE$ROPI$EBA8$MICROLIB$REQ8$PRES8$EABIv2 0x00000000   Number         0  anon$$obj.o ABSOLUTE
    __ARM_use_no_argv                        0x00000000   Number         0  app_main.o ABSOLUTE
    __use_no_errno                           0x00000000   Number         0  useno.o ABSOLUTE
    __use_no_exception_handling              0x00000000   Number         0  useno.o ABSOLUTE
    __use_no_fp                              0x00000000   Number         0  useno.o ABSOLUTE
    __use_no_heap                            0x00000000   Number         0  useno.o ABSOLUTE
    __use_no_heap_region                     0x00000000   Number         0  useno.o ABSOLUTE
    __use_no_semihosting                     0x00000000   Number         0  useno.o ABSOLUTE
    __use_no_semihosting_swi                 0x00000000   Number         0  useno.o ABSOLUTE
    __use_no_signal_handling                 0x00000000   Number         0  useno.o ABSOLUTE
    _printf_a                                0x00000000   Number         0  stubs.o ABSOLUTE
    _printf_c                                0x00000000   Number         0  stubs.o ABSOLUTE
    _printf_charcount                        0x00000000   Number         0  stubs.o ABSOLUTE
    _printf_d                                0x00000000   Number         0  stubs.o ABSOLUTE
    _printf_e                                0x00000000   Number         0  stubs.o ABSOLUTE
    _printf_f                                0x00000000   Number         0  stubs.o ABSOLUTE
    _printf_flags                            0x00000000   Number         0  stubs.o ABSOLUTE
    _printf_fp_dec                           0x00000000   Number         0  stubs.o ABSOLUTE
    _printf_fp_hex                           0x00000000   Number         0  stubs.o ABSOLUTE
    _printf_g                                0x00000000   Number         0  stubs.o ABSOLUTE
    _printf_i                                0x00000000   Number         0  stubs.o ABSOLUTE
    _printf_int_dec                          0x00000000   Number         0  stubs.o ABSOLUTE
    _printf_l                                0x00000000   Number         0  stubs.o ABSOLUTE
    _printf_lc                               0x00000000   Number         0  stubs.o ABSOLUTE
    _printf_ll                               0x00000000   Number         0  stubs.o ABSOLUTE
    _printf_lld                              0x00000000   Number         0  stubs.o ABSOLUTE
    _printf_lli                              0x00000000   Number         0  stubs.o ABSOLUTE
    _printf_llo                              0x00000000   Number         0  stubs.o ABSOLUTE
    _printf_llu                              0x00000000   Number         0  stubs.o ABSOLUTE
    _printf_llx                              0x00000000   Number         0  stubs.o ABSOLUTE
    _printf_longlong_dec                     0x00000000   Number         0  stubs.o ABSOLUTE
    _printf_longlong_hex                     0x00000000   Number         0  stubs.o ABSOLUTE
    _printf_longlong_oct                     0x00000000   Number         0  stubs.o ABSOLUTE
    _printf_ls                               0x00000000   Number         0  stubs.o ABSOLUTE
    _printf_mbtowc                           0x00000000   Number         0  stubs.o ABSOLUTE
    _printf_n                                0x00000000   Number         0  stubs.o ABSOLUTE
    _printf_o                                0x00000000   Number         0  stubs.o ABSOLUTE
    _printf_p                                0x00000000   Number         0  stubs.o ABSOLUTE
    _printf_percent                          0x00000000   Number         0  stubs.o ABSOLUTE
    _printf_pre_padding                      0x00000000   Number         0  stubs.o ABSOLUTE
    _printf_return_value                     0x00000000   Number         0  stubs.o ABSOLUTE
    _printf_s                                0x00000000   Number         0  stubs.o ABSOLUTE
    _printf_sizespec                         0x00000000   Number         0  stubs.o ABSOLUTE
    _printf_str                              0x00000000   Number         0  stubs.o ABSOLUTE
    _printf_truncate_signed                  0x00000000   Number         0  stubs.o ABSOLUTE
    _printf_truncate_unsigned                0x00000000   Number         0  stubs.o ABSOLUTE
    _printf_u                                0x00000000   Number         0  stubs.o ABSOLUTE
    _printf_wc                               0x00000000   Number         0  stubs.o ABSOLUTE
    _printf_wctomb                           0x00000000   Number         0  stubs.o ABSOLUTE
    _printf_widthprec                        0x00000000   Number         0  stubs.o ABSOLUTE
    _printf_x                                0x00000000   Number         0  stubs.o ABSOLUTE
    __cpp_initialize__aeabi_                  - Undefined Weak Reference
    __cxa_finalize                            - Undefined Weak Reference
    _clock_init                               - Undefined Weak Reference
    _microlib_exit                            - Undefined Weak Reference
    __Vectors_Size                           0x000000c0   Number         0  startup.o ABSOLUTE
    __Vectors                                0x10000000   Data           4  startup.o(RESET)
    __Vectors_End                            0x100000c0   Data           0  startup.o(RESET)
    __main                                   0x100000c1   Thumb Code     0  entry.o(.ARM.Collect$$$$00000000)
    _main_stk                                0x100000c1   Thumb Code     0  entry2.o(.ARM.Collect$$$$00000001)
    _main_scatterload                        0x100000c5   Thumb Code     0  entry5.o(.ARM.Collect$$$$00000004)
    __main_after_scatterload                 0x100000c9   Thumb Code     0  entry5.o(.ARM.Collect$$$$00000004)
    _main_clock                              0x100000c9   Thumb Code     0  entry7b.o(.ARM.Collect$$$$00000008)
    _main_cpp_init                           0x100000c9   Thumb Code     0  entry8b.o(.ARM.Collect$$$$0000000A)
    _main_init                               0x100000c9   Thumb Code     0  entry9a.o(.ARM.Collect$$$$0000000B)
    __rt_final_cpp                           0x100000d1   Thumb Code     0  entry10a.o(.ARM.Collect$$$$0000000D)
    __rt_final_exit                          0x100000d1   Thumb Code     0  entry11a.o(.ARM.Collect$$$$0000000F)
    Reset_Handler                            0x100000d5   Thumb Code    14  startup.o(.text)
    NMI_Handler                              0x100000e3   Thumb Code     2  startup.o(.text)
    HardFault_Handler                        0x100000e5   Thumb Code     2  startup.o(.text)
    MemManage_Handler                        0x100000e7   Thumb Code     2  startup.o(.text)
    BusFault_Handler                         0x100000e9   Thumb Code     2  startup.o(.text)
    UsageFault_Handler                       0x100000eb   Thumb Code     2  startup.o(.text)
    SVC_Handler                              0x100000ed   Thumb Code     2  startup.o(.text)
    DebugMon_Handler                         0x100000ef   Thumb Code     2  startup.o(.text)
    PendSV_Handler                           0x100000f1   Thumb Code     2  startup.o(.text)
    SysTick_Handler                          0x100000f3   Thumb Code     2  startup.o(.text)
    ACMP0_IRQHandler                         0x100000f5   Thumb Code     0  startup.o(.text)
    ACMP1_IRQHandler                         0x100000f5   Thumb Code     0  startup.o(.text)
    ADC_IRQHandler                           0x100000f5   Thumb Code     0  startup.o(.text)
    CALIB_IRQHandler                         0x100000f5   Thumb Code     0  startup.o(.text)
    DMA_IRQHandler                           0x100000f5   Thumb Code     0  startup.o(.text)
    I2C_IRQHandler                           0x100000f5   Thumb Code     0  startup.o(.text)
    PWM0_IRQHandler                          0x100000f5   Thumb Code     0  startup.o(.text)
    PWM1_IRQHandler                          0x100000f5   Thumb Code     0  startup.o(.text)
    RTC_CAP_IRQHandler                       0x100000f5   Thumb Code     0  startup.o(.text)
    RTC_IRQHandler                           0x100000f5   Thumb Code     0  startup.o(.text)
    SPI0_IRQHandler                          0x100000f5   Thumb Code     0  startup.o(.text)
    SPI1_IRQHandler                          0x100000f5   Thumb Code     0  startup.o(.text)
    TUNER_RX_IRQHandler                      0x100000f5   Thumb Code     0  startup.o(.text)
    TUNER_SETTING_IRQHandler                 0x100000f5   Thumb Code     0  startup.o(.text)
    TUNER_TX_IRQHandler                      0x100000f5   Thumb Code     0  startup.o(.text)
    UART1_RX_IRQHandler                      0x100000f5   Thumb Code     0  startup.o(.text)
    UART1_TX_IRQHandler                      0x100000f5   Thumb Code     0  startup.o(.text)
    __aeabi_lmul                             0x10000105   Thumb Code   166  math.o(.text)
    __aeabi_uldivmod                         0x100001ab   Thumb Code   256  math.o(.text)
    __aeabi_uidiv                            0x100002ab   Thumb Code     0  uidiv.o(.text)
    __aeabi_uidivmod                         0x100002ab   Thumb Code    44  uidiv.o(.text)
    __aeabi_idiv                             0x100002d7   Thumb Code     0  idiv.o(.text)
    __aeabi_idivmod                          0x100002d7   Thumb Code    40  idiv.o(.text)
    __aeabi_lasr                             0x100002ff   Thumb Code    38  llsshr.o(.text)
    _ll_sshift_r                             0x100002ff   Thumb Code     0  llsshr.o(.text)
    rand                                     0x10000325   Thumb Code    18  rand.o(.text)
    srand                                    0x10000337   Thumb Code     6  rand.o(.text)
    __aeabi_memcpy                           0x10000349   Thumb Code    36  memcpya.o(.text)
    __aeabi_memcpy4                          0x10000349   Thumb Code     0  memcpya.o(.text)
    __aeabi_memcpy8                          0x10000349   Thumb Code     0  memcpya.o(.text)
    __aeabi_memset                           0x1000036d   Thumb Code    14  memseta.o(.text)
    __aeabi_memset4                          0x1000036d   Thumb Code     0  memseta.o(.text)
    __aeabi_memset8                          0x1000036d   Thumb Code     0  memseta.o(.text)
    __aeabi_memclr                           0x1000037b   Thumb Code     4  memseta.o(.text)
    __aeabi_memclr4                          0x1000037b   Thumb Code     0  memseta.o(.text)
    __aeabi_memclr8                          0x1000037b   Thumb Code     0  memseta.o(.text)
    _memset$wrapper                          0x1000037f   Thumb Code    18  memseta.o(.text)
    memcmp                                   0x10000391   Thumb Code    26  memcmp.o(.text)
    strcpy                                   0x100003ab   Thumb Code    18  strcpy.o(.text)
    atoi                                     0x100003bd   Thumb Code    26  atoi.o(.text)
    strtol                                   0x100003d9   Thumb Code   108  strtol.o(.text)
    __scatterload                            0x10000449   Thumb Code    28  init.o(.text)
    __scatterload_rt2                        0x10000449   Thumb Code     0  init.o(.text)
    __rt_ctype_table                         0x1000046d   Thumb Code     4  ctype_o.o(.text)
    _strtoul                                 0x10000475   Thumb Code   166  _strtoul.o(.text)
    _chval                                   0x1000051b   Thumb Code    30  _chval.o(.text)
    __decompress                             0x10000539   Thumb Code     0  __dczerorl2.o(.text)
    __decompress1                            0x10000539   Thumb Code    86  __dczerorl2.o(.text)
    __rd_reg                                 0x10000591   Thumb Code     6  math.o(REG_ACCESS_SECTION)
    __wr_reg                                 0x10000599   Thumb Code     6  math.o(REG_ACCESS_SECTION)
    __wr_reg_with_msk                        0x100005a1   Thumb Code    14  math.o(REG_ACCESS_SECTION)
    BLE_IRQHandler                           0x100005b1   Thumb Code   152  lib.o(i.BLE_IRQHandler)
    GPIO_IRQHandler                          0x10000661   Thumb Code    64  gpio.o(i.GPIO_IRQHandler)
    OSC_EN_IRQHandler                        0x100006b1   Thumb Code    44  sleep.o(i.OSC_EN_IRQHandler)
    SystemInit                               0x100006ed   Thumb Code   222  system.o(i.SystemInit)
    TIMER0_IRQHandler                        0x100007f1   Thumb Code    70  timer.o(i.TIMER0_IRQHandler)
    TIMER1_IRQHandler                        0x10000841   Thumb Code    70  timer.o(i.TIMER1_IRQHandler)
    TIMER2_IRQHandler                        0x10000891   Thumb Code    70  timer.o(i.TIMER2_IRQHandler)
    TIMER3_IRQHandler                        0x100008e1   Thumb Code    70  timer.o(i.TIMER3_IRQHandler)
    UART0_RX_IRQHandler                      0x10000931   Thumb Code   106  uart.o(i.UART0_RX_IRQHandler)
    UART0_TX_IRQHandler                      0x100009a5   Thumb Code    66  uart.o(i.UART0_TX_IRQHandler)
    UartPutc                                 0x100009f1   Thumb Code    38  uart.o(i.UartPutc)
    WDT_IRQHandler                           0x10000a1d   Thumb Code    18  wdt.o(i.WDT_IRQHandler)
    __0printf$8                              0x10000a35   Thumb Code    24  printf8.o(i.__0printf$8)
    __1printf$8                              0x10000a35   Thumb Code     0  printf8.o(i.__0printf$8)
    __2printf                                0x10000a35   Thumb Code     0  printf8.o(i.__0printf$8)
    __ARM_common_switch8                     0x10000a55   Thumb Code    26  app_gap_task.o(i.__ARM_common_switch8)
    __aeabi_errno_addr                       0x10000a71   Thumb Code     4  errno.o(i.__aeabi_errno_addr)
    __rt_errno_addr                          0x10000a71   Thumb Code     0  errno.o(i.__aeabi_errno_addr)
    __nvds_get                               0x10000a79   Thumb Code    46  lib.o(i.__nvds_get)
    __scatterload_copy                       0x10000b8d   Thumb Code    14  handlers.o(i.__scatterload_copy)
    __scatterload_null                       0x10000b9b   Thumb Code     2  handlers.o(i.__scatterload_null)
    __scatterload_zeroinit                   0x10000b9d   Thumb Code    14  handlers.o(i.__scatterload_zeroinit)
    app_add_bonded_dev                       0x10001069   Thumb Code    32  app_util.o(i.app_add_bonded_dev)
    app_beacon_chg_ctx_timer_handler         0x1000108d   Thumb Code    18  usr_design.o(i.app_beacon_chg_ctx_timer_handler)
    app_button_timer_handler                 0x100010a9   Thumb Code    92  usr_design.o(i.app_button_timer_handler)
    app_clear_local_service_flag             0x10001135   Thumb Code    10  app_util.o(i.app_clear_local_service_flag)
    app_create_server_service_DB             0x10001145   Thumb Code    26  app_util.o(i.app_create_server_service_DB)
    app_enable_server_service                0x10001179   Thumb Code    46  app_util.o(i.app_enable_server_service)
    app_event_button1_press_handler          0x100011ad   Thumb Code    36  usr_design.o(i.app_event_button1_press_handler)
    app_find_bonded_dev                      0x100011e1   Thumb Code    50  app_util.o(i.app_find_bonded_dev)
    app_gap_adv_intv_update_timer_handler    0x1000121d   Thumb Code    64  usr_design.o(i.app_gap_adv_intv_update_timer_handler)
    app_gap_adv_req_cmp_evt_handler          0x10001269   Thumb Code    34  app_gap_task.o(i.app_gap_adv_req_cmp_evt_handler)
    app_gap_adv_start_req                    0x100012b1   Thumb Code   134  app_gap.o(i.app_gap_adv_start_req)
    app_gap_adv_stop_req                     0x10001341   Thumb Code    26  app_gap.o(i.app_gap_adv_stop_req)
    app_gap_bond_req_cmp_ind_handler         0x10001365   Thumb Code   110  app_gap_task.o(i.app_gap_bond_req_cmp_ind_handler)
    app_gap_bond_req_ind_handler             0x100013dd   Thumb Code    90  app_gap_task.o(i.app_gap_bond_req_ind_handler)
    app_gap_bond_resp                        0x10001441   Thumb Code    52  app_gap.o(i.app_gap_bond_resp)
    app_gap_change_param_req_cmp_handler     0x1000147d   Thumb Code    44  app_gap_task.o(i.app_gap_change_param_req_cmp_handler)
    app_gap_discon_cmp_evt_handler           0x100014c9   Thumb Code    86  app_gap_task.o(i.app_gap_discon_cmp_evt_handler)
    app_gap_le_create_conn_req_cmp_evt_handler 0x1000157d   Thumb Code   104  app_gap_task.o(i.app_gap_le_create_conn_req_cmp_evt_handler)
    app_gap_param_update_req                 0x10001625   Thumb Code    42  app_gap.o(i.app_gap_param_update_req)
    app_gap_param_update_resp_handler        0x10001659   Thumb Code    46  app_gap_task.o(i.app_gap_param_update_resp_handler)
    app_gap_read_bdaddr_req                  0x100016b1   Thumb Code    10  app_gap.o(i.app_gap_read_bdaddr_req)
    app_gap_read_bdaddr_req_cmp_evt_handler  0x100016c5   Thumb Code    48  app_gap_task.o(i.app_gap_read_bdaddr_req_cmp_evt_handler)
    app_gap_read_ver_req                     0x10001719   Thumb Code    10  app_gap.o(i.app_gap_read_ver_req)
    app_gap_read_ver_req_cmp_evt_handler     0x1000172d   Thumb Code    32  app_gap_task.o(i.app_gap_read_ver_req_cmp_evt_handler)
    app_gap_ready_evt_handler                0x10001751   Thumb Code    24  app_gap_task.o(i.app_gap_ready_evt_handler)
    app_gap_reset_req_cmp_handler            0x10001769   Thumb Code    10  app_gap_task.o(i.app_gap_reset_req_cmp_handler)
    app_gap_set_bondable_mode_req            0x10001775   Thumb Code    26  app_gap.o(i.app_gap_set_bondable_mode_req)
    app_gap_set_devname_req_cmp_evt_handler  0x10001799   Thumb Code    24  app_gap_task.o(i.app_gap_set_devname_req_cmp_evt_handler)
    app_gap_set_mode_req_cmp_evt_handler     0x100017cd   Thumb Code    66  app_gap_task.o(i.app_gap_set_mode_req_cmp_evt_handler)
    app_gap_set_privacy_req_cmp_handler      0x10001861   Thumb Code    22  app_gap_task.o(i.app_gap_set_privacy_req_cmp_handler)
    app_gap_set_random_add_req_cmp_handler   0x100018a9   Thumb Code    18  app_gap_task.o(i.app_gap_set_random_add_req_cmp_handler)
    app_gap_set_sec_req                      0x100018d9   Thumb Code    30  app_gap.o(i.app_gap_set_sec_req)
    app_gap_set_sec_req_cmp_evt_handler      0x10001901   Thumb Code    32  app_gap_task.o(i.app_gap_set_sec_req_cmp_evt_handler)
    app_gatt_resource_access_req_handler     0x10001925   Thumb Code    30  app_gap_task.o(i.app_gatt_resource_access_req_handler)
    app_get_bd_addr_by_conhdl                0x1000194d   Thumb Code    60  app_util.o(i.app_get_bd_addr_by_conhdl)
    app_get_bond_nb                          0x1000198d   Thumb Code     6  app_util.o(i.app_get_bond_nb)
    app_get_bond_status                      0x10001999   Thumb Code    30  app_util.o(i.app_get_bond_status)
    app_get_conhdl_by_idx                    0x100019bd   Thumb Code    30  app_util.o(i.app_get_conhdl_by_idx)
    app_get_link_status_by_idx               0x100019e5   Thumb Code    24  app_util.o(i.app_get_link_status_by_idx)
    app_get_lk_sec_status                    0x10001a01   Thumb Code    32  app_util.o(i.app_get_lk_sec_status)
    app_get_local_service_flag               0x10001a25   Thumb Code     6  app_util.o(i.app_get_local_service_flag)
    app_get_role                             0x10001a2d   Thumb Code     6  app_util.o(i.app_get_role)
    app_i_to_array                           0x10001a39   Thumb Code    38  app_util.o(i.app_i_to_array)
    app_init                                 0x10001a61   Thumb Code    86  app_env.o(i.app_init)
    app_init_local_smp_key                   0x10001ac5   Thumb Code    22  app_util.o(i.app_init_local_smp_key)
    app_led_timer_handler                    0x10001ae1   Thumb Code    56  usr_design.o(i.app_led_timer_handler)
    app_qpps_cfg_indntf_ind_handler          0x10001b25   Thumb Code    80  app_qpps_task.o(i.app_qpps_cfg_indntf_ind_handler)
    app_qpps_create_db                       0x10001b79   Thumb Code    26  app_qpps.o(i.app_qpps_create_db)
    app_qpps_create_db_cfm_handler           0x10001b9d   Thumb Code    20  app_qpps_task.o(i.app_qpps_create_db_cfm_handler)
    app_qpps_data_ind_handler                0x10001bb1   Thumb Code    28  app_qpps_task.o(i.app_qpps_data_ind_handler)
    app_qpps_data_send                       0x10001be1   Thumb Code    52  app_qpps.o(i.app_qpps_data_send)
    app_qpps_data_send_cfm_handler           0x10001c1d   Thumb Code   104  app_qpps_task.o(i.app_qpps_data_send_cfm_handler)
    app_qpps_disable_ind_handler             0x10001ca1   Thumb Code    26  app_qpps_task.o(i.app_qpps_disable_ind_handler)
    app_qpps_enable_req                      0x10001cc1   Thumb Code    42  app_qpps.o(i.app_qpps_enable_req)
    app_qpps_error_ind_handler               0x10001cf1   Thumb Code    12  app_qpps_task.o(i.app_qpps_error_ind_handler)
    app_set_adv_data                         0x10001d19   Thumb Code    90  app_util.o(i.app_set_adv_data)
    app_set_link_status_by_conhdl            0x10001d85   Thumb Code    90  app_util.o(i.app_set_link_status_by_conhdl)
    app_set_role                             0x10001de5   Thumb Code     6  app_util.o(i.app_set_role)
    app_set_scan_rsp_data                    0x10001df1   Thumb Code   102  app_util.o(i.app_set_scan_rsp_data)
    app_smpc_chk_bd_addr_req_ind_handler     0x10001fa9   Thumb Code    66  app_smp_task.o(i.app_smpc_chk_bd_addr_req_ind_handler)
    app_smpc_chk_bd_addr_req_rsp             0x10001ff1   Thumb Code    56  app_smp.o(i.app_smpc_chk_bd_addr_req_rsp)
    app_smpc_irk_req_ind_handler             0x10002031   Thumb Code   138  app_smp_task.o(i.app_smpc_irk_req_ind_handler)
    app_smpc_irk_req_rsp                     0x100020e9   Thumb Code    66  app_smp.o(i.app_smpc_irk_req_rsp)
    app_smpc_key_ind_handler                 0x10002135   Thumb Code   136  app_smp_task.o(i.app_smpc_key_ind_handler)
    app_smpc_ltk_req_ind_handler             0x100021e1   Thumb Code   194  app_smp_task.o(i.app_smpc_ltk_req_ind_handler)
    app_smpc_ltk_req_rsp                     0x100022dd   Thumb Code    74  app_smp.o(i.app_smpc_ltk_req_rsp)
    app_smpc_sec_started_ind_handler         0x10002331   Thumb Code    38  app_smp_task.o(i.app_smpc_sec_started_ind_handler)
    app_smpc_timeout_evt_handler             0x1000235d   Thumb Code    36  app_smp_task.o(i.app_smpc_timeout_evt_handler)
    app_smpc_tk_req_ind_handler              0x100023a1   Thumb Code    76  app_smp_task.o(i.app_smpc_tk_req_ind_handler)
    app_smpc_tk_req_rsp                      0x10002425   Thumb Code    50  app_smp.o(i.app_smpc_tk_req_rsp)
    app_smpm_set_key_cfm_handler             0x10002461   Thumb Code    32  app_smp_task.o(i.app_smpm_set_key_cfm_handler)
    app_smpm_set_key_req                     0x10002485   Thumb Code    42  app_smp.o(i.app_smpm_set_key_req)
    app_task_msg_hdl                         0x100024b9   Thumb Code   182  usr_design.o(i.app_task_msg_hdl)
    app_uart_init                            0x100025dd   Thumb Code     2  app_sys.o(i.app_uart_init)
    assert_err                               0x100025e1   Thumb Code    20  app_main.o(i.assert_err)
    atts_hdl_val_ntf_req_handler_patch       0x10002619   Thumb Code   158  lib.o(i.atts_hdl_val_ntf_req_handler_patch)
    atts_svc_create_db_ext                   0x10002761   Thumb Code   316  lib.o(i.atts_svc_create_db_ext)
    ble_evt_empty                            0x100028ad   Thumb Code    16  lib.o(i.ble_evt_empty)
    ble_ext_wakeup_allow                     0x100028c1   Thumb Code    38  lib.o(i.ble_ext_wakeup_allow)
    ble_hw_sleep                             0x100028ed   Thumb Code    22  lib.o(i.ble_hw_sleep)
    ble_init                                 0x10002905   Thumb Code   260  lib.o(i.ble_init)
    ble_new_feature                          0x10002a5d   Thumb Code    36  app_util.o(i.ble_new_feature)
    ble_sleep                                0x10002a91   Thumb Code    54  lib.o(i.ble_sleep)
    button_init                              0x10002ad1   Thumb Code    36  button.o(i.button_init)
    check_ble_wakeup                         0x10002b09   Thumb Code    14  lib.o(i.check_ble_wakeup)
    config_work_mode                         0x10002b2d   Thumb Code    90  lib.o(i.config_work_mode)
    dc_dc_enable                             0x10002ba5   Thumb Code    54  lib.o(i.dc_dc_enable)
    enter_sleep                              0x10002c4d   Thumb Code   410  sleep.o(i.enter_sleep)
    fputc                                    0x10002e0f   Thumb Code    10  retarget.o(i.fputc)
    gpio_enable_interrupt                    0x100031b1   Thumb Code     8  gpio.o(i.gpio_enable_interrupt)
    gpio_init                                0x100031b9   Thumb Code    24  gpio.o(i.gpio_init)
    gpio_interrupt_callback                  0x100031dd   Thumb Code    16  usr_design.o(i.gpio_interrupt_callback)
    gpio_read_pin                            0x100031ed   Thumb Code    20  gpio.o(i.gpio_read_pin)
    gpio_read_pin_field                      0x10003201   Thumb Code    12  gpio.o(i.gpio_read_pin_field)
    gpio_set_direction                       0x1000320d   Thumb Code    16  gpio.o(i.gpio_set_direction)
    gpio_set_direction_field                 0x1000321d   Thumb Code    14  gpio.o(i.gpio_set_direction_field)
    gpio_sleep_allowed                       0x1000322d   Thumb Code    32  gpio.o(i.gpio_sleep_allowed)
    gpio_wakeup_config                       0x10003251   Thumb Code    92  gpio.o(i.gpio_wakeup_config)
    gpio_write_pin                           0x100032b1   Thumb Code    28  gpio.o(i.gpio_write_pin)
    is_flash_present                         0x10003315   Thumb Code    26  serialflash.o(i.is_flash_present)
    ke_schedule                              0x10003335   Thumb Code    60  lib.o(i.ke_schedule)
    ke_time                                  0x10003381   Thumb Code    12  lib.o(i.ke_time)
    ke_timer_empty                           0x10003391   Thumb Code    18  lib.o(i.ke_timer_empty)
    l2cc_data_send_rsp_att_handler_patch     0x10003405   Thumb Code    44  lib.o(i.l2cc_data_send_rsp_att_handler_patch)
    led_get                                  0x100034b1   Thumb Code    46  led.o(i.led_get)
    led_init                                 0x100034df   Thumb Code    56  led.o(i.led_init)
    led_set                                  0x10003517   Thumb Code    40  led.o(i.led_set)
    main                                     0x10003809   Thumb Code   290  app_main.o(i.main)
    plf_init                                 0x10003b1d   Thumb Code   692  lib.o(i.plf_init)
    power_off_flash                          0x10003e99   Thumb Code    34  serialflash.o(i.power_off_flash)
    power_on_flash                           0x10003ec1   Thumb Code    60  serialflash.o(i.power_on_flash)
    prf_dispatch_disconnect                  0x10004085   Thumb Code    32  prf_utils.o(i.prf_dispatch_disconnect)
    prf_init                                 0x100040ad   Thumb Code    14  prf_utils.o(i.prf_init)
    qn_feature_config                        0x100040c1   Thumb Code    14  lib.o(i.qn_feature_config)
    qpps_disable                             0x100042dd   Thumb Code    50  qpps.o(i.qpps_disable)
    qpps_error_ind_send                      0x100043b9   Thumb Code    32  qpps.o(i.qpps_error_ind_send)
    qpps_init                                0x100043e5   Thumb Code    28  qpps.o(i.qpps_init)
    qpps_set_service_uuid                    0x10004409   Thumb Code    14  qpps.o(i.qpps_set_service_uuid)
    read_flash_id                            0x1000441d   Thumb Code    10  serialflash.o(i.read_flash_id)
    restore_ble_dev_mode_flag                0x1000442d   Thumb Code    38  lib.o(i.restore_ble_dev_mode_flag)
    restore_ble_setting                      0x10004465   Thumb Code    64  lib.o(i.restore_ble_setting)
    set_dbg_info                             0x10004509   Thumb Code    10  lib.o(i.set_dbg_info)
    sleep_cb                                 0x10004519   Thumb Code    20  sleep.o(i.sleep_cb)
    sleep_init                               0x10004531   Thumb Code    36  sleep.o(i.sleep_init)
    sleep_post_process                       0x10004565   Thumb Code   104  lib.o(i.sleep_post_process)
    store_ble_dev_mode_flag                  0x10004695   Thumb Code     6  lib.o(i.store_ble_dev_mode_flag)
    syscon_set_ahb_clk                       0x100046fd   Thumb Code    48  syscon.o(i.syscon_set_ahb_clk)
    syscon_set_apb_clk                       0x10004735   Thumb Code    46  syscon.o(i.syscon_set_apb_clk)
    syscon_set_ble_clk                       0x10004769   Thumb Code    56  syscon.o(i.syscon_set_ble_clk)
    syscon_set_sysclk_src                    0x100047a9   Thumb Code   154  syscon.o(i.syscon_set_sysclk_src)
    syscon_set_timer_clk                     0x10004865   Thumb Code    38  syscon.o(i.syscon_set_timer_clk)
    syscon_set_usart_clk                     0x10004891   Thumb Code    92  syscon.o(i.syscon_set_usart_clk)
    task_app_desc_register                   0x10004901   Thumb Code    44  app_task.o(i.task_app_desc_register)
    task_qpps_desc_register                  0x10004af1   Thumb Code    44  qpps_task.o(i.task_qpps_desc_register)
    uart_check_tx_free                       0x10004b3d   Thumb Code    48  uart.o(i.uart_check_tx_free)
    uart_init                                0x10004b79   Thumb Code   124  uart.o(i.uart_init)
    usr_button1_cb                           0x10004d41   Thumb Code    34  usr_design.o(i.usr_button1_cb)
    usr_init                                 0x10004d71   Thumb Code    48  usr_design.o(i.usr_init)
    usr_sleep                                0x10004e1d   Thumb Code   128  sleep.o(i.usr_sleep)
    usr_sleep_restore                        0x10004ea5   Thumb Code    42  usr_design.o(i.usr_sleep_restore)
    wakeup_32k_xtal_start_timer              0x10004ed9   Thumb Code    10  sleep.o(i.wakeup_32k_xtal_start_timer)
    wakeup_32k_xtal_switch_clk               0x10004eed   Thumb Code    76  sleep.o(i.wakeup_32k_xtal_switch_clk)
    wakeup_by_sleep_timer                    0x10004f41   Thumb Code    92  sleep.o(i.wakeup_by_sleep_timer)
    wdt_irq_clear                            0x10004fa9   Thumb Code    32  wdt.o(i.wdt_irq_clear)
    app_default_state                        0x10004fe0   Data         304  app_task.o(.constdata)
    app_default_handler                      0x10005110   Data           8  app_task.o(.constdata)
    app_state_handler                        0x10005118   Data          40  app_task.o(.constdata)
    qpps_att_db                              0x10005140   Data         140  qpps.o(.constdata)
    qpps_value_char                          0x100051cc   Data          19  qpps.o(.constdata)
    qpps_char_rx_data                        0x100051df   Data          19  qpps.o(.constdata)
    qpps_disabled                            0x100051f4   Data           8  qpps_task.o(.constdata)
    qpps_idle                                0x100051fc   Data           8  qpps_task.o(.constdata)
    qpps_connected                           0x10005204   Data          24  qpps_task.o(.constdata)
    qpps_default_state                       0x1000521c   Data           8  qpps_task.o(.constdata)
    qpps_default_handler                     0x10005224   Data           8  qpps_task.o(.constdata)
    qpps_state_handler                       0x1000522c   Data          24  qpps_task.o(.constdata)
    uart_divider                             0x10005257   Data          51  uart.o(.constdata)
    __ctype_table                            0x1000529c   Data         129  ctype_o.o(.constdata)
    Region$$Table$$Base                      0x10005560   Number         0  anon$$obj.o(Region$$Table)
    Region$$Table$$Limit                     0x10005590   Number         0  anon$$obj.o(Region$$Table)
    usr_env                                  0x10005592   Data           4  usr_design.o(.data)
    scan_data                                0x10005596   Data           6  usr_design.o(.data)
    beacon_data                              0x1000559c   Data         120  usr_design.o(.data)
    app_state                                0x1000561c   Data           2  app_task.o(.data)
    app_qpps_env                             0x10005620   Data           4  app_qpps_task.o(.data)
    qpps_svc                                 0x10005638   Data          16  qpps.o(.data)
    qpps_state                               0x10005648   Data           2  qpps_task.o(.data)
    qpp_uuid_list                            0x1000564c   Data          28  qpps_task.o(.data)
    low_power_mode_en                        0x1000566c   Data           1  sleep.o(.data)
    ahb_clock_flag                           0x10005670   Data           4  sleep.o(.data)
    PGCR1_restore                            0x10005674   Data           4  sleep.o(.data)
    sleep_env                                0x10005678   Data          20  sleep.o(.data)
    g_SystemClock                            0x1000568c   Data           4  syscon.o(.data)
    g_AhbClock                               0x10005690   Data           4  syscon.o(.data)
    g_ApbClock                               0x10005694   Data           4  syscon.o(.data)
    reset_test                               0x10005698   Data           4  wdt.o(.data)
    timer0_env                               0x1000569c   Data           8  timer.o(.data)
    timer1_env                               0x100056a4   Data           8  timer.o(.data)
    timer2_env                               0x100056ac   Data           8  timer.o(.data)
    timer3_env                               0x100056b4   Data           8  timer.o(.data)
    g_flash_cmd                              0x100056bc   Data           8  serialflash.o(.data)
    __stdout                                 0x100056c4   Data           4  retarget.o(.data)
    ble_dev_flag                             0x100056d4   Data           2  lib.o(.data)
    ke_env                                   0x100056d8   Data           4  lib.o(.data)
    ke_evt_hdlr                              0x100056dc   Data           4  lib.o(.data)
    llc_state_handler_new                    0x1000571c   Data         176  lib.o(.data)
    app_env                                  0x100061f0   Data         252  app_env.o(.bss)
    qpps_env                                 0x100062ec   Data          16  qpps.o(.bss)
    __initial_sp                             0x10006b80   Data           0  startup.o(STACK)



==============================================================================

Memory Map of the image

  Image Entry point : 0x100000c1

  Load Region LR_ROM1 (Base: 0x10000000, Size: 0x000057d4, Max: 0x0000cdb0, ABSOLUTE, COMPRESSED[0x00005660])

    Execution Region APP_CODE (Base: 0x10000000, Size: 0x00006b80, Max: 0x0000cdb0, ABSOLUTE, COMPRESSED[0x000000d0])

    Base Addr    Size         Type   Attr      Idx    E Section Name        Object

    0x10000000   0x000000c0   Data   RO            3    RESET               startup.o
    0x100000c0   0x00000000   Code   RO         2499  * .ARM.Collect$$$$00000000  mc_p.l(entry.o)
    0x100000c0   0x00000004   Code   RO         2784    .ARM.Collect$$$$00000001  mc_p.l(entry2.o)
    0x100000c4   0x00000004   Code   RO         2787    .ARM.Collect$$$$00000004  mc_p.l(entry5.o)
    0x100000c8   0x00000000   Code   RO         2789    .ARM.Collect$$$$00000008  mc_p.l(entry7b.o)
    0x100000c8   0x00000000   Code   RO         2791    .ARM.Collect$$$$0000000A  mc_p.l(entry8b.o)
    0x100000c8   0x00000008   Code   RO         2792    .ARM.Collect$$$$0000000B  mc_p.l(entry9a.o)
    0x100000d0   0x00000000   Code   RO         2794    .ARM.Collect$$$$0000000D  mc_p.l(entry10a.o)
    0x100000d0   0x00000000   Code   RO         2796    .ARM.Collect$$$$0000000F  mc_p.l(entry11a.o)
    0x100000d0   0x00000004   Code   RO         2785    .ARM.Collect$$$$00002712  mc_p.l(entry2.o)
    0x100000d4   0x00000030   Code   RO            4    .text               startup.o
    0x10000104   0x000001a6   Code   RO         2487    .text               qn9020b2_lib_peripheral.lib(math.o)
    0x100002aa   0x0000002c   Code   RO         2502    .text               mc_p.l(uidiv.o)
    0x100002d6   0x00000028   Code   RO         2504    .text               mc_p.l(idiv.o)
    0x100002fe   0x00000026   Code   RO         2506    .text               mc_p.l(llsshr.o)
    0x10000324   0x00000024   Code   RO         2508    .text               mc_p.l(rand.o)
    0x10000348   0x00000024   Code   RO         2511    .text               mc_p.l(memcpya.o)
    0x1000036c   0x00000024   Code   RO         2513    .text               mc_p.l(memseta.o)
    0x10000390   0x0000001a   Code   RO         2515    .text               mc_p.l(memcmp.o)
    0x100003aa   0x00000012   Code   RO         2517    .text               mc_p.l(strcpy.o)
    0x100003bc   0x0000001a   Code   RO         2782    .text               mc_p.l(atoi.o)
    0x100003d6   0x00000002   PAD
    0x100003d8   0x00000070   Code   RO         2805    .text               mc_p.l(strtol.o)
    0x10000448   0x00000024   Code   RO         2818    .text               mc_p.l(init.o)
    0x1000046c   0x00000008   Code   RO         2824    .text               mc_p.l(ctype_o.o)
    0x10000474   0x000000a6   Code   RO         2852    .text               mc_p.l(_strtoul.o)
    0x1000051a   0x0000001e   Code   RO         2858    .text               mc_p.l(_chval.o)
    0x10000538   0x00000056   Code   RO         2868    .text               mc_p.l(__dczerorl2.o)
    0x1000058e   0x00000002   PAD
    0x10000590   0x0000001e   Code   RO         2486    REG_ACCESS_SECTION  qn9020b2_lib_peripheral.lib(math.o)
    0x100005ae   0x00000002   PAD
    0x100005b0   0x000000b0   Code   RO         2302    i.BLE_IRQHandler    qn9020b2_lib_peripheral.lib(lib.o)
    0x10000660   0x00000050   Code   RO         1597    i.GPIO_IRQHandler   gpio.o
    0x100006b0   0x0000003c   Code   RO         1713    i.OSC_EN_IRQHandler  sleep.o
    0x100006ec   0x00000104   Code   RO          276    i.SystemInit        system.o
    0x100007f0   0x00000050   Code   RO         1974    i.TIMER0_IRQHandler  timer.o
    0x10000840   0x00000050   Code   RO         1975    i.TIMER1_IRQHandler  timer.o
    0x10000890   0x00000050   Code   RO         1976    i.TIMER2_IRQHandler  timer.o
    0x100008e0   0x00000050   Code   RO         1977    i.TIMER3_IRQHandler  timer.o
    0x10000930   0x00000074   Code   RO         1463    i.UART0_RX_IRQHandler  uart.o
    0x100009a4   0x0000004c   Code   RO         1464    i.UART0_TX_IRQHandler  uart.o
    0x100009f0   0x0000002c   Code   RO         1466    i.UartPutc          uart.o
    0x10000a1c   0x00000018   Code   RO         1921    i.WDT_IRQHandler    wdt.o
    0x10000a34   0x00000020   Code   RO         2728    i.__0printf$8       mc_p.l(printf8.o)
    0x10000a54   0x0000001a   Code   RO          969    i.__ARM_common_switch8  app_gap_task.o
    0x10000a6e   0x00000002   PAD
    0x10000a70   0x00000008   Code   RO         2798    i.__aeabi_errno_addr  mc_p.l(errno.o)
    0x10000a78   0x00000034   Code   RO         2304    i.__nvds_get        qn9020b2_lib_peripheral.lib(lib.o)
    0x10000aac   0x000000e0   Code   RO         2307    i.__nvds_wrtie      qn9020b2_lib_peripheral.lib(lib.o)
    0x10000b8c   0x0000000e   Code   RO         2862    i.__scatterload_copy  mc_p.l(handlers.o)
    0x10000b9a   0x00000002   Code   RO         2863    i.__scatterload_null  mc_p.l(handlers.o)
    0x10000b9c   0x0000000e   Code   RO         2864    i.__scatterload_zeroinit  mc_p.l(handlers.o)
    0x10000baa   0x00000002   PAD
    0x10000bac   0x00000428   Code   RO         2735    i._printf_core      mc_p.l(printf8.o)
    0x10000fd4   0x00000020   Code   RO         2736    i._printf_post_padding  mc_p.l(printf8.o)
    0x10000ff4   0x0000002c   Code   RO         2737    i._printf_pre_padding  mc_p.l(printf8.o)
    0x10001020   0x00000048   Code   RO          700    i.app_32k_xtal_wakeup_timer  app_task.o
    0x10001068   0x00000024   Code   RO          435    i.app_add_bonded_dev  app_util.o
    0x1000108c   0x0000001c   Code   RO          337    i.app_beacon_chg_ctx_timer_handler  usr_design.o
    0x100010a8   0x0000008c   Code   RO          338    i.app_button_timer_handler  usr_design.o
    0x10001134   0x00000010   Code   RO          437    i.app_clear_local_service_flag  app_util.o
    0x10001144   0x00000034   Code   RO          438    i.app_create_server_service_DB  app_util.o
    0x10001178   0x00000034   Code   RO          439    i.app_enable_server_service  app_util.o
    0x100011ac   0x00000034   Code   RO          339    i.app_event_button1_press_handler  usr_design.o
    0x100011e0   0x0000003c   Code   RO          440    i.app_find_bonded_dev  app_util.o
    0x1000121c   0x0000004c   Code   RO          340    i.app_gap_adv_intv_update_timer_handler  usr_design.o
    0x10001268   0x00000048   Code   RO          848    i.app_gap_adv_req_cmp_evt_handler  app_gap_task.o
    0x100012b0   0x00000090   Code   RO          736    i.app_gap_adv_start_req  app_gap.o
    0x10001340   0x00000024   Code   RO          737    i.app_gap_adv_stop_req  app_gap.o
    0x10001364   0x00000078   Code   RO          849    i.app_gap_bond_req_cmp_ind_handler  app_gap_task.o
    0x100013dc   0x00000064   Code   RO          850    i.app_gap_bond_req_ind_handler  app_gap_task.o
    0x10001440   0x0000003c   Code   RO          739    i.app_gap_bond_resp  app_gap.o
    0x1000147c   0x0000004c   Code   RO          851    i.app_gap_change_param_req_cmp_handler  app_gap_task.o
    0x100014c8   0x000000b4   Code   RO          852    i.app_gap_discon_cmp_evt_handler  app_gap_task.o
    0x1000157c   0x000000a8   Code   RO          853    i.app_gap_le_create_conn_req_cmp_evt_handler  app_gap_task.o
    0x10001624   0x00000034   Code   RO          741    i.app_gap_param_update_req  app_gap.o
    0x10001658   0x00000058   Code   RO          854    i.app_gap_param_update_resp_handler  app_gap_task.o
    0x100016b0   0x00000014   Code   RO          742    i.app_gap_read_bdaddr_req  app_gap.o
    0x100016c4   0x00000054   Code   RO          855    i.app_gap_read_bdaddr_req_cmp_evt_handler  app_gap_task.o
    0x10001718   0x00000014   Code   RO          743    i.app_gap_read_ver_req  app_gap.o
    0x1000172c   0x00000024   Code   RO          856    i.app_gap_read_ver_req_cmp_evt_handler  app_gap_task.o
    0x10001750   0x00000018   Code   RO          857    i.app_gap_ready_evt_handler  app_gap_task.o
    0x10001768   0x0000000a   Code   RO          858    i.app_gap_reset_req_cmp_handler  app_gap_task.o
    0x10001772   0x00000002   PAD
    0x10001774   0x00000024   Code   RO          746    i.app_gap_set_bondable_mode_req  app_gap.o
    0x10001798   0x00000034   Code   RO          859    i.app_gap_set_devname_req_cmp_evt_handler  app_gap_task.o
    0x100017cc   0x00000094   Code   RO          860    i.app_gap_set_mode_req_cmp_evt_handler  app_gap_task.o
    0x10001860   0x00000048   Code   RO          861    i.app_gap_set_privacy_req_cmp_handler  app_gap_task.o
    0x100018a8   0x00000030   Code   RO          862    i.app_gap_set_random_add_req_cmp_handler  app_gap_task.o
    0x100018d8   0x00000028   Code   RO          750    i.app_gap_set_sec_req  app_gap.o
    0x10001900   0x00000024   Code   RO          863    i.app_gap_set_sec_req_cmp_evt_handler  app_gap_task.o
    0x10001924   0x00000028   Code   RO          864    i.app_gatt_resource_access_req_handler  app_gap_task.o
    0x1000194c   0x00000040   Code   RO          441    i.app_get_bd_addr_by_conhdl  app_util.o
    0x1000198c   0x0000000c   Code   RO          443    i.app_get_bond_nb   app_util.o
    0x10001998   0x00000024   Code   RO          444    i.app_get_bond_status  app_util.o
    0x100019bc   0x00000028   Code   RO          446    i.app_get_conhdl_by_idx  app_util.o
    0x100019e4   0x0000001c   Code   RO          447    i.app_get_link_status_by_idx  app_util.o
    0x10001a00   0x00000024   Code   RO          448    i.app_get_lk_sec_status  app_util.o
    0x10001a24   0x00000006   Code   RO          449    i.app_get_local_service_flag  app_util.o
    0x10001a2a   0x00000002   PAD
    0x10001a2c   0x0000000c   Code   RO          451    i.app_get_role      app_util.o
    0x10001a38   0x00000026   Code   RO          452    i.app_i_to_array    app_util.o
    0x10001a5e   0x00000002   PAD
    0x10001a60   0x00000064   Code   RO          598    i.app_init          app_env.o
    0x10001ac4   0x0000001c   Code   RO          453    i.app_init_local_smp_key  app_util.o
    0x10001ae0   0x00000044   Code   RO          341    i.app_led_timer_handler  usr_design.o
    0x10001b24   0x00000054   Code   RO         1184    i.app_qpps_cfg_indntf_ind_handler  app_qpps_task.o
    0x10001b78   0x00000024   Code   RO         1152    i.app_qpps_create_db  app_qpps.o
    0x10001b9c   0x00000014   Code   RO         1185    i.app_qpps_create_db_cfm_handler  app_qpps_task.o
    0x10001bb0   0x00000030   Code   RO         1186    i.app_qpps_data_ind_handler  app_qpps_task.o
    0x10001be0   0x0000003c   Code   RO         1153    i.app_qpps_data_send  app_qpps.o
    0x10001c1c   0x00000084   Code   RO         1187    i.app_qpps_data_send_cfm_handler  app_qpps_task.o
    0x10001ca0   0x00000020   Code   RO         1188    i.app_qpps_disable_ind_handler  app_qpps_task.o
    0x10001cc0   0x00000030   Code   RO         1154    i.app_qpps_enable_req  app_qpps.o
    0x10001cf0   0x00000028   Code   RO         1189    i.app_qpps_error_ind_handler  app_qpps_task.o
    0x10001d18   0x0000006c   Code   RO          454    i.app_set_adv_data  app_util.o
    0x10001d84   0x00000060   Code   RO          455    i.app_set_link_status_by_conhdl  app_util.o
    0x10001de4   0x0000000c   Code   RO          456    i.app_set_role      app_util.o
    0x10001df0   0x00000080   Code   RO          457    i.app_set_scan_rsp_data  app_util.o
    0x10001e70   0x00000138   Code   RO          599    i.app_smp_init      app_env.o
    0x10001fa8   0x00000048   Code   RO         1061    i.app_smpc_chk_bd_addr_req_ind_handler  app_smp_task.o
    0x10001ff0   0x00000040   Code   RO         1011    i.app_smpc_chk_bd_addr_req_rsp  app_smp.o
    0x10002030   0x000000b8   Code   RO         1062    i.app_smpc_irk_req_ind_handler  app_smp_task.o
    0x100020e8   0x0000004c   Code   RO         1012    i.app_smpc_irk_req_rsp  app_smp.o
    0x10002134   0x000000ac   Code   RO         1063    i.app_smpc_key_ind_handler  app_smp_task.o
    0x100021e0   0x000000fc   Code   RO         1064    i.app_smpc_ltk_req_ind_handler  app_smp_task.o
    0x100022dc   0x00000054   Code   RO         1013    i.app_smpc_ltk_req_rsp  app_smp.o
    0x10002330   0x0000002c   Code   RO         1065    i.app_smpc_sec_started_ind_handler  app_smp_task.o
    0x1000235c   0x00000044   Code   RO         1066    i.app_smpc_timeout_evt_handler  app_smp_task.o
    0x100023a0   0x00000084   Code   RO         1067    i.app_smpc_tk_req_ind_handler  app_smp_task.o
    0x10002424   0x0000003c   Code   RO         1015    i.app_smpc_tk_req_rsp  app_smp.o
    0x10002460   0x00000024   Code   RO         1068    i.app_smpm_set_key_cfm_handler  app_smp_task.o
    0x10002484   0x00000034   Code   RO         1016    i.app_smpm_set_key_req  app_smp.o
    0x100024b8   0x000000d8   Code   RO          342    i.app_task_msg_hdl  usr_design.o
    0x10002590   0x0000004c   Code   RO         1190    i.app_test_send_data  app_qpps_task.o
    0x100025dc   0x00000002   Code   RO          680    i.app_uart_init     app_sys.o
    0x100025de   0x00000002   PAD
    0x100025e0   0x00000038   Code   RO           12    i.assert_err        app_main.o
    0x10002618   0x000000bc   Code   RO         2309    i.atts_hdl_val_ntf_req_handler_patch  qn9020b2_lib_peripheral.lib(lib.o)
    0x100026d4   0x00000040   Code   RO         2311    i.atts_patch_env_clear  qn9020b2_lib_peripheral.lib(lib.o)
    0x10002714   0x0000004c   Code   RO         2312    i.atts_req_error_ind_handler_patch  qn9020b2_lib_peripheral.lib(lib.o)
    0x10002760   0x0000014c   Code   RO         2313    i.atts_svc_create_db_ext  qn9020b2_lib_peripheral.lib(lib.o)
    0x100028ac   0x00000014   Code   RO         2314    i.ble_evt_empty     qn9020b2_lib_peripheral.lib(lib.o)
    0x100028c0   0x0000002c   Code   RO         2315    i.ble_ext_wakeup_allow  qn9020b2_lib_peripheral.lib(lib.o)
    0x100028ec   0x00000016   Code   RO         2316    i.ble_hw_sleep      qn9020b2_lib_peripheral.lib(lib.o)
    0x10002902   0x00000002   PAD
    0x10002904   0x00000158   Code   RO         2317    i.ble_init          qn9020b2_lib_peripheral.lib(lib.o)
    0x10002a5c   0x00000034   Code   RO          458    i.ble_new_feature   app_util.o
    0x10002a90   0x00000040   Code   RO         2318    i.ble_sleep         qn9020b2_lib_peripheral.lib(lib.o)
    0x10002ad0   0x00000024   Code   RO         2223    i.button_init       button.o
    0x10002af4   0x00000008   Code   RO         2319    i.cal_cal_SetCAL0WithMask  qn9020b2_lib_peripheral.lib(lib.o)
    0x10002afc   0x0000000a   Code   RO         2320    i.cal_cal_SetCAL1WithMask  qn9020b2_lib_peripheral.lib(lib.o)
    0x10002b06   0x00000002   PAD
    0x10002b08   0x00000014   Code   RO         2321    i.check_ble_wakeup  qn9020b2_lib_peripheral.lib(lib.o)
    0x10002b1c   0x00000010   Code   RO         2322    i.co_buf_rx_get     qn9020b2_lib_peripheral.lib(lib.o)
    0x10002b2c   0x00000078   Code   RO         2324    i.config_work_mode  qn9020b2_lib_peripheral.lib(lib.o)
    0x10002ba4   0x00000040   Code   RO         2325    i.dc_dc_enable      qn9020b2_lib_peripheral.lib(lib.o)
    0x10002be4   0x0000002c   Code   RO         2326    i.default_enter_sleep_cb  qn9020b2_lib_peripheral.lib(lib.o)
    0x10002c10   0x0000001c   Code   RO         2327    i.default_exit_sleep_cb  qn9020b2_lib_peripheral.lib(lib.o)
    0x10002c2c   0x00000010   Code   RO         2328    i.delay             qn9020b2_lib_peripheral.lib(lib.o)
    0x10002c3c   0x00000010   Code   RO         2329    i.dp_dp_SetRegWithMask  qn9020b2_lib_peripheral.lib(lib.o)
    0x10002c4c   0x000001c0   Code   RO         1715    i.enter_sleep       sleep.o
    0x10002e0c   0x00000002   Code   RO         2334    i.force_agc_enable_null  qn9020b2_lib_peripheral.lib(lib.o)
    0x10002e0e   0x0000000a   Code   RO         2251    i.fputc             retarget.o
    0x10002e18   0x00000018   Code   RO         1394    i.gap_discon_cmp_evt_handler  qpps_task.o
    0x10002e30   0x000000c8   Code   RO         2335    i.gap_discon_ind_handler_patch  qn9020b2_lib_peripheral.lib(lib.o)
    0x10002ef8   0x00000044   Code   RO         1395    i.gatt_notify_cmp_evt_handler  qpps_task.o
    0x10002f3c   0x00000048   Code   RO         2336    i.gatt_read_char_req_handler_patch  qn9020b2_lib_peripheral.lib(lib.o)
    0x10002f84   0x000000fc   Code   RO         2338    i.gatt_write_char_req_handler_patch  qn9020b2_lib_peripheral.lib(lib.o)
    0x10003080   0x0000011c   Code   RO         1396    i.gatt_write_cmd_ind_handler  qpps_task.o
    0x1000319c   0x00000014   Code   RO         1191    i.get_bit_num       app_qpps_task.o
    0x100031b0   0x00000008   Code   RO         1599    i.gpio_enable_interrupt  gpio.o
    0x100031b8   0x00000024   Code   RO         1600    i.gpio_init         gpio.o
    0x100031dc   0x00000010   Code   RO          343    i.gpio_interrupt_callback  usr_design.o
    0x100031ec   0x00000014   Code   RO         1603    i.gpio_read_pin     gpio.o
    0x10003200   0x0000000c   Code   RO         1604    i.gpio_read_pin_field  gpio.o
    0x1000320c   0x00000010   Code   RO         1605    i.gpio_set_direction  gpio.o
    0x1000321c   0x0000000e   Code   RO         1606    i.gpio_set_direction_field  gpio.o
    0x1000322a   0x00000002   PAD
    0x1000322c   0x00000024   Code   RO         1608    i.gpio_sleep_allowed  gpio.o
    0x10003250   0x00000060   Code   RO         1610    i.gpio_wakeup_config  gpio.o
    0x100032b0   0x00000020   Code   RO         1611    i.gpio_write_pin    gpio.o
    0x100032d0   0x0000002c   Code   RO         2101    i.is_flash_busy     serialflash.o
    0x100032fc   0x00000018   Code   RO         2339    i.is_flash_off      qn9020b2_lib_peripheral.lib(lib.o)
    0x10003314   0x00000020   Code   RO         2102    i.is_flash_present  serialflash.o
    0x10003334   0x0000004c   Code   RO         2340    i.ke_schedule       qn9020b2_lib_peripheral.lib(lib.o)
    0x10003380   0x00000010   Code   RO         2341    i.ke_time           qn9020b2_lib_peripheral.lib(lib.o)
    0x10003390   0x00000018   Code   RO         2342    i.ke_timer_empty    qn9020b2_lib_peripheral.lib(lib.o)
    0x100033a8   0x0000005c   Code   RO         2343    i.l2cc_data_packet_ind_handler_patch  qn9020b2_lib_peripheral.lib(lib.o)
    0x10003404   0x00000034   Code   RO         2344    i.l2cc_data_send_rsp_att_handler_patch  qn9020b2_lib_peripheral.lib(lib.o)
    0x10003438   0x00000078   Code   RO         2345    i.l2cc_data_send_rsp_handler_patch  qn9020b2_lib_peripheral.lib(lib.o)
    0x100034b0   0x0000002e   Code   RO         2185    i.led_get           led.o
    0x100034de   0x00000038   Code   RO         2186    i.led_init          led.o
    0x10003516   0x00000028   Code   RO         2188    i.led_set           led.o
    0x1000353e   0x00000002   PAD
    0x10003540   0x000000fc   Code   RO         2346    i.llc_data_packet_ind_handler_patch  qn9020b2_lib_peripheral.lib(lib.o)
    0x1000363c   0x0000009c   Code   RO         2347    i.llc_data_req_handler_patch  qn9020b2_lib_peripheral.lib(lib.o)
    0x100036d8   0x0000002c   Code   RO         2348    i.llc_lld_stop_ind_handler_patch  qn9020b2_lib_peripheral.lib(lib.o)
    0x10003704   0x0000002c   Code   RO         2359    i.lld_sleep_init_patch  qn9020b2_lib_peripheral.lib(lib.o)
    0x10003730   0x0000003c   Code   RO         2360    i.lld_sleep_lpcycles_2_us  qn9020b2_lib_peripheral.lib(lib.o)
    0x1000376c   0x0000009c   Code   RO         2361    i.llm_lld_data_ind_handler_patch  qn9020b2_lib_peripheral.lib(lib.o)
    0x10003808   0x00000154   Code   RO           15    i.main              app_main.o
    0x1000395c   0x00000040   Code   RO         2362    i.nvds_copy         qn9020b2_lib_peripheral.lib(lib.o)
    0x1000399c   0x0000002c   Code   RO         2363    i.nvds_erase        qn9020b2_lib_peripheral.lib(lib.o)
    0x100039c8   0x00000094   Code   RO         2365    i.nvds_read         qn9020b2_lib_peripheral.lib(lib.o)
    0x10003a5c   0x00000070   Code   RO         2366    i.nvds_restore_backup  qn9020b2_lib_peripheral.lib(lib.o)
    0x10003acc   0x0000004e   Code   RO         2367    i.nvds_write        qn9020b2_lib_peripheral.lib(lib.o)
    0x10003b1a   0x00000002   PAD
    0x10003b1c   0x00000370   Code   RO         2369    i.plf_init          qn9020b2_lib_peripheral.lib(lib.o)
    0x10003e8c   0x0000000a   Code   RO         2370    i.plf_reset_cb      qn9020b2_lib_peripheral.lib(lib.o)
    0x10003e96   0x00000002   PAD
    0x10003e98   0x00000028   Code   RO         2103    i.power_off_flash   serialflash.o
    0x10003ec0   0x00000040   Code   RO         2104    i.power_on_flash    serialflash.o
    0x10003f00   0x00000184   Code   RO         2371    i.powerup_calibration  qn9020b2_lib_peripheral.lib(lib.o)
    0x10004084   0x00000028   Code   RO         1268    i.prf_dispatch_disconnect  prf_utils.o
    0x100040ac   0x00000014   Code   RO         1269    i.prf_init          prf_utils.o
    0x100040c0   0x00000014   Code   RO         2372    i.qn_feature_config  qn9020b2_lib_peripheral.lib(lib.o)
    0x100040d4   0x00000178   Code   RO         1397    i.qpps_create_db_req_handler  qpps_task.o
    0x1000424c   0x00000090   Code   RO         1398    i.qpps_data_send_req_handler  qpps_task.o
    0x100042dc   0x00000048   Code   RO         1340    i.qpps_disable      qpps.o
    0x10004324   0x00000094   Code   RO         1399    i.qpps_enable_req_handler  qpps_task.o
    0x100043b8   0x0000002c   Code   RO         1341    i.qpps_error_ind_send  qpps.o
    0x100043e4   0x00000024   Code   RO         1342    i.qpps_init         qpps.o
    0x10004408   0x00000014   Code   RO         1343    i.qpps_set_service_uuid  qpps.o
    0x1000441c   0x00000010   Code   RO         2106    i.read_flash_id     serialflash.o
    0x1000442c   0x00000038   Code   RO         2375    i.restore_ble_dev_mode_flag  qn9020b2_lib_peripheral.lib(lib.o)
    0x10004464   0x00000050   Code   RO         2376    i.restore_ble_setting  qn9020b2_lib_peripheral.lib(lib.o)
    0x100044b4   0x00000024   Code   RO         2377    i.rwble_slot_2_lpcycles  qn9020b2_lib_peripheral.lib(lib.o)
    0x100044d8   0x00000030   Code   RO         2378    i.sector_erase_flash_patch  qn9020b2_lib_peripheral.lib(lib.o)
    0x10004508   0x00000010   Code   RO         2380    i.set_dbg_info      qn9020b2_lib_peripheral.lib(lib.o)
    0x10004518   0x00000018   Code   RO         1717    i.sleep_cb          sleep.o
    0x10004530   0x00000034   Code   RO         1718    i.sleep_init        sleep.o
    0x10004564   0x0000006c   Code   RO         2381    i.sleep_post_process  qn9020b2_lib_peripheral.lib(lib.o)
    0x100045d0   0x00000058   Code   RO         2382    i.smp_rtx_ind_handler_patch  qn9020b2_lib_peripheral.lib(lib.o)
    0x10004628   0x0000006c   Code   RO         2383    i.smpc_l2cc_data_packet_ind_handler_patch  qn9020b2_lib_peripheral.lib(lib.o)
    0x10004694   0x0000000c   Code   RO         2384    i.store_ble_dev_mode_flag  qn9020b2_lib_peripheral.lib(lib.o)
    0x100046a0   0x0000000a   Code   RO         1719    i.syscon_GetBLESR   sleep.o
    0x100046aa   0x0000000a   Code   RO         2385    i.syscon_GetBLESR   qn9020b2_lib_peripheral.lib(lib.o)
    0x100046b4   0x0000000a   Code   RO         1720    i.syscon_SetCMDCRWithMask  sleep.o
    0x100046be   0x0000000a   Code   RO         1830    i.syscon_SetCMDCRWithMask  syscon.o
    0x100046c8   0x0000000a   Code   RO         1721    i.syscon_SetIvrefX32WithMask  sleep.o
    0x100046d2   0x0000000a   Code   RO         2386    i.syscon_SetIvrefX32WithMask  qn9020b2_lib_peripheral.lib(lib.o)
    0x100046dc   0x0000000a   Code   RO         1722    i.syscon_SetPGCR0WithMask  sleep.o
    0x100046e6   0x0000000a   Code   RO         2387    i.syscon_SetPGCR1WithMask  qn9020b2_lib_peripheral.lib(lib.o)
    0x100046f0   0x0000000a   Code   RO         1723    i.syscon_SetPGCR2WithMask  sleep.o
    0x100046fa   0x00000002   PAD
    0x100046fc   0x00000038   Code   RO         1835    i.syscon_set_ahb_clk  syscon.o
    0x10004734   0x00000034   Code   RO         1836    i.syscon_set_apb_clk  syscon.o
    0x10004768   0x00000040   Code   RO         1837    i.syscon_set_ble_clk  syscon.o
    0x100047a8   0x000000bc   Code   RO         1838    i.syscon_set_sysclk_src  syscon.o
    0x10004864   0x0000002c   Code   RO         1839    i.syscon_set_timer_clk  syscon.o
    0x10004890   0x00000070   Code   RO         1840    i.syscon_set_usart_clk  syscon.o
    0x10004900   0x00000038   Code   RO          701    i.task_app_desc_register  app_task.o
    0x10004938   0x00000088   Code   RO         2388    i.task_atts_desc_register  qn9020b2_lib_peripheral.lib(lib.o)
    0x100049c0   0x000000c0   Code   RO         2389    i.task_gatt_desc_register  qn9020b2_lib_peripheral.lib(lib.o)
    0x10004a80   0x00000070   Code   RO         2390    i.task_llc_desc_register  qn9020b2_lib_peripheral.lib(lib.o)
    0x10004af0   0x00000038   Code   RO         1400    i.task_qpps_desc_register  qpps_task.o
    0x10004b28   0x0000000a   Code   RO         1985    i.timer_timer_ClrIntFlag  timer.o
    0x10004b32   0x0000000a   Code   RO         1986    i.timer_timer_GetIntFlag  timer.o
    0x10004b3c   0x0000003c   Code   RO         1467    i.uart_check_tx_free  uart.o
    0x10004b78   0x00000098   Code   RO         1472    i.uart_init         uart.o
    0x10004c10   0x00000012   Code   RO         1475    i.uart_rx_int_enable  uart.o
    0x10004c22   0x00000002   PAD
    0x10004c24   0x00000038   Code   RO         1476    i.uart_tx_int_enable  uart.o
    0x10004c5c   0x0000000a   Code   RO         1477    i.uart_uart_ClrIntFlag  uart.o
    0x10004c66   0x0000000a   Code   RO         1478    i.uart_uart_GetIntFlag  uart.o
    0x10004c70   0x00000008   Code   RO         1479    i.uart_uart_SetTXD  uart.o
    0x10004c78   0x000000c8   Code   RO          344    i.usr_beacon_chg_ctx_process  usr_design.o
    0x10004d40   0x00000030   Code   RO          345    i.usr_button1_cb    usr_design.o
    0x10004d70   0x00000058   Code   RO          346    i.usr_init          usr_design.o
    0x10004dc8   0x00000054   Code   RO          347    i.usr_led1_set      usr_design.o
    0x10004e1c   0x00000088   Code   RO         1724    i.usr_sleep         sleep.o
    0x10004ea4   0x00000034   Code   RO          348    i.usr_sleep_restore  usr_design.o
    0x10004ed8   0x00000014   Code   RO         1725    i.wakeup_32k_xtal_start_timer  sleep.o
    0x10004eec   0x00000054   Code   RO         1726    i.wakeup_32k_xtal_switch_clk  sleep.o
    0x10004f40   0x00000068   Code   RO         1728    i.wakeup_by_sleep_timer  sleep.o
    0x10004fa8   0x00000028   Code   RO         1923    i.wdt_irq_clear     wdt.o
    0x10004fd0   0x0000000e   Code   RO         1925    i.wdt_wdt_SetLKR    wdt.o
    0x10004fde   0x00000002   PAD
    0x10004fe0   0x00000130   Data   RO          702    .constdata          app_task.o
    0x10005110   0x00000030   Data   RO          703    .constdata          app_task.o
    0x10005140   0x0000008c   Data   RO         1345    .constdata          qpps.o
    0x100051cc   0x00000013   Data   RO         1346    .constdata          qpps.o
    0x100051df   0x00000013   Data   RO         1347    .constdata          qpps.o
    0x100051f2   0x00000002   PAD
    0x100051f4   0x00000008   Data   RO         1401    .constdata          qpps_task.o
    0x100051fc   0x00000008   Data   RO         1402    .constdata          qpps_task.o
    0x10005204   0x00000018   Data   RO         1403    .constdata          qpps_task.o
    0x1000521c   0x00000008   Data   RO         1404    .constdata          qpps_task.o
    0x10005224   0x00000033   Data   RO         1405    .constdata          qpps_task.o
    0x10005257   0x00000033   Data   RO         1482    .constdata          uart.o
    0x1000528a   0x00000002   PAD
    0x1000528c   0x00000010   Data   RO         2392    .constdata          qn9020b2_lib_peripheral.lib(lib.o)
    0x1000529c   0x00000081   Data   RO         2825    .constdata          mc_p.l(ctype_o.o)
    0x1000531d   0x00000003   PAD
    0x10005320   0x00000004   Data   RO         2826    .constdata          mc_p.l(ctype_o.o)
    0x10005324   0x000000d6   Data   RO          865    .conststring        app_gap_task.o
    0x100053fa   0x00000002   PAD
    0x100053fc   0x000000ad   Data   RO         1069    .conststring        app_smp_task.o
    0x100054a9   0x00000003   PAD
    0x100054ac   0x00000021   Data   RO         1348    .conststring        qpps.o
    0x100054cd   0x00000003   PAD
    0x100054d0   0x00000075   Data   RO         1406    .conststring        qpps_task.o
    0x10005545   0x00000003   PAD
    0x10005548   0x00000015   Data   RO         1349    .conststrlit        qpps.o
    0x1000555d   0x00000003   PAD
    0x10005560   0x00000030   Data   RO         2860    Region$$Table       anon$$obj.o
    0x10005590   0x00000084   Data   RW          349    .data               usr_design.o
    0x10005614   0x00000008   Data   RW          460    .data               app_util.o
    0x1000561c   0x00000002   Data   RW          704    .data               app_task.o
    0x1000561e   0x00000002   PAD
    0x10005620   0x00000018   Data   RW         1192    .data               app_qpps_task.o
    0x10005638   0x00000010   Data   RW         1350    .data               qpps.o
    0x10005648   0x00000020   Data   RW         1407    .data               qpps_task.o
    0x10005668   0x00000004   Data   RW         1613    .data               gpio.o
    0x1000566c   0x00000020   Data   RW         1729    .data               sleep.o
    0x1000568c   0x0000000c   Data   RW         1841    .data               syscon.o
    0x10005698   0x00000004   Data   RW         1926    .data               wdt.o
    0x1000569c   0x00000020   Data   RW         1989    .data               timer.o
    0x100056bc   0x00000008   Data   RW         2110    .data               serialflash.o
    0x100056c4   0x00000004   Data   RW         2252    .data               retarget.o
    0x100056c8   0x00000104   Data   RW         2393    .data               qn9020b2_lib_peripheral.lib(lib.o)
    0x100057cc   0x00000004   Data   RW         2509    .data               mc_p.l(rand.o)
    0x100057d0   0x00000004   Data   RW         2801    .data               mc_p.l(errno.o)
    0x100057d4   0x0000099c   Zero   RW           16    .bss                app_main.o
    0x10006170   0x00000080   Zero   RW          459    .bss                app_util.o
    0x100061f0   0x000000fc   Zero   RW          600    .bss                app_env.o
    0x100062ec   0x00000010   Zero   RW         1344    .bss                qpps.o
    0x100062fc   0x00000030   Zero   RW         1481    .bss                uart.o
    0x1000632c   0x00000654   Zero   RW         2391    .bss                qn9020b2_lib_peripheral.lib(lib.o)
    0x10006980   0x00000200   Zero   RW            1    STACK               startup.o


==============================================================================

Image component sizes


      Code (inc. data)   RO Data    RW Data    ZI Data      Debug   Object Name

       412         82          0          0        252       3805   app_env.o
       408         78          0          0          0       5389   app_gap.o
      1380        544        214          0          0      12874   app_gap_task.o
       396         86          0          0       2460     115368   app_main.o
       144         24          0          0          0       2476   app_qpps.o
       452         92          0         24          0       6275   app_qpps_task.o
       336         48          0          0          0       4034   app_smp.o
       960        244        173          0          0       6415   app_smp_task.o
         2          0          0          0          0        436   app_sys.o
       128         20        352          2          0      15933   app_task.o
       912        170          0          8        128      12516   app_util.o
        36          0          0          0          0        478   button.o
       350         40          0          4          0      23403   gpio.o
       142         16          0          0          0       1643   led.o
        60         14          0          0          0       1181   prf_utils.o
       172         48        232         16         16       5708   qpps.o
      1100        126        216         32          0       9703   qpps_task.o
        10          0          0          4          0       2422   retarget.o
       196         30          0          8          0      18934   serialflash.o
       978        112          0         32          0      25940   sleep.o
        48         14        192          0        512        856   startup.o
       526         82          0         12          0      20359   syscon.o
       260         38          0          0          0      18519   system.o
       340         40          0         32          0      19102   timer.o
       550         76         51          0         48      31486   uart.o
      1068        238          0        132          0      26642   usr_design.o
        78         14          0          4          0      15886   wdt.o

    ----------------------------------------------------------------------
     11464       2276       1496        312       3416     407783   Object Totals
         0          0         48          0          0          0   (incl. Generated)
        20          0         18          2          0          0   (incl. Padding)

    ----------------------------------------------------------------------

      Code (inc. data)   RO Data    RW Data    ZI Data      Debug   Library Member Name

        86          0          0          0          0          0   __dczerorl2.o
        30          0          0          0          0         60   _chval.o
       166          0          0          0          0         84   _strtoul.o
        26          0          0          0          0         72   atoi.o
         8          4        133          0          0         60   ctype_o.o
         0          0          0          0          0          0   entry.o
         0          0          0          0          0          0   entry10a.o
         0          0          0          0          0          0   entry11a.o
         8          4          0          0          0          0   entry2.o
         4          0          0          0          0          0   entry5.o
         0          0          0          0          0          0   entry7b.o
         0          0          0          0          0          0   entry8b.o
         8          4          0          0          0          0   entry9a.o
         8          4          0          4          0         60   errno.o
        30          0          0          0          0          0   handlers.o
        40          0          0          0          0         72   idiv.o
        36          8          0          0          0         68   init.o
        38          0          0          0          0         68   llsshr.o
        26          0          0          0          0         72   memcmp.o
        36          0          0          0          0         60   memcpya.o
        36          0          0          0          0        100   memseta.o
      1172         52          0          0          0        324   printf8.o
        36         12          0          4          0        120   rand.o
        18          0          0          0          0         60   strcpy.o
       112          4          0          0          0         76   strtol.o
        44          0          0          0          0         72   uidiv.o
      6356       1066         16        260       1620       4540   lib.o
       452          4          0          0          0        184   math.o

    ----------------------------------------------------------------------
      8792       1162        152        268       1620       6152   Library Totals
        16          0          3          0          0          0   (incl. Padding)

    ----------------------------------------------------------------------

      Code (inc. data)   RO Data    RW Data    ZI Data      Debug   Library Name

      1968         92        133          8          0       1428   mc_p.l
      6808       1070         16        260       1620       4724   qn9020b2_lib_peripheral.lib

    ----------------------------------------------------------------------
      8792       1162        152        268       1620       6152   Library Totals

    ----------------------------------------------------------------------

==============================================================================


      Code (inc. data)   RO Data    RW Data    ZI Data      Debug   

     20256       3438       1648        580       5036     403627   Grand Totals
     20256       3438       1648        208       5036     403627   ELF Image Totals (compressed)
     20256       3438       1648        208          0          0   ROM Totals

==============================================================================

    Total RO  Size (Code + RO Data)                21904 (  21.39kB)
    Total RW  Size (RW Data + ZI Data)              5616 (   5.48kB)
    Total ROM Size (Code + RO Data + RW Data)      22112 (  21.59kB)

==============================================================================

