<html>
<body>
<pre>
<h1>µVision Build Log</h1>
<h2>Tool Versions:</h2>
IDE-Version: ¦ÌVision V5.20.0.0
Copyright (C) 2016 ARM Ltd and ARM Germany GmbH. All rights reserved.
License Information: Jian Ma, Arrow, LIC=----
 
Tool Versions:
Toolchain:       MDK-Lite  Version: 5.20
Toolchain Path:  C:\Keil_v5\ARM\ARMCC\Bin
C Compiler:      Armcc.exe V5.06 update 2 (build 183)
Assembler:       Armasm.exe V5.06 update 2 (build 183)
Linker/Locator:  ArmLink.exe V5.06 update 2 (build 183)
Library Manager: ArmAr.exe V5.06 update 2 (build 183)
Hex Converter:   FromElf.exe V5.06 update 2 (build 183)
CPU DLL:         SARMCM3.DLL V5.20
Dialog DLL:      DARMCM1.DLL V1.14.0.0
Target DLL:      Segger\JL2CM3.dll V2.99.20.0
Dialog DLL:      TARMCM1.DLL V1.10.0.0
 
<h2>Project:</h2>
D:\NXP\NXP BLE\NXP BLE Workspace\BLE-QN9020-MultiBeacon plus Connectable\project\keil\qpps.uvproj
Project File Date:  04/15/2016

<h2>Output:</h2>
*** Using Compiler 'V5.06 update 2 (build 183)', folder: 'C:\Keil_v5\ARM\ARMCC\Bin'
Rebuild target 'qpps'
assembling startup.s...
compiling app_main.c...
compiling system.c...
compiling usr_design.c...
compiling app_env.c...
compiling app_util.c...
compiling app_sys.c...
compiling app_printf.c...
compiling app_task.c...
compiling app_gap.c...
compiling app_gap_task.c...
compiling app_gatt.c...
compiling app_gatt_task.c...
compiling app_smp.c...
compiling app_smp_task.c...
compiling app_diss.c...
compiling app_diss_task.c...
compiling app_qpps.c...
compiling app_qpps_task.c...
compiling diss.c...
compiling app_otas_task.c...
compiling prf_utils.c...
compiling diss_task.c...
compiling qpps.c...
compiling qpps_task.c...
compiling uart.c...
compiling gpio.c...
compiling sleep.c...
compiling syscon.c...
compiling wdt.c...
compiling timer.c...
compiling serialflash.c...
compiling rtc.c...
compiling led.c...
compiling retarget.c...
compiling button.c...
linking...
Program Size: Code=20256 RO-data=1648 RW-data=580 ZI-data=5036  
After Build - User command #1: fromelf --bin --output ./bin/qpps.bin ./obj/qpps.axf
".\obj\qpps.axf" - 0 Error(s), 0 Warning(s).
Build Time Elapsed:  00:00:10
</pre>
</body>
</html>
